== raw s0: acc_in 0.289 ood 0.176
== raw_win s0: acc_in 0.224 ood 0.175
== pca s0: acc_in 0.299 ood 0.183
== pca_win s0: acc_in 0.273 ood 0.211
/home/eightman/mioba-venv/lib/python3.12/site-packages/torch/cuda/__init__.py:827: UserWarning: Can't initialize NVML
  warnings.warn("Can't initialize NVML")
== gru s0: acc_in 0.377 ood 0.248 midctx 0.177 match 0.282
== gru_untrained s0: acc_in 0.332 ood 0.247 midctx 0.156 match 0.231
== cpc s0: acc_in 0.329 ood 0.249 midctx 0.172 match 0.282
== cpc_untrained s0: acc_in 0.378 ood 0.284 midctx 0.252 match 0.333
== vicreg s0: acc_in 0.167 ood 0.194 midctx 0.189 match 0.205
== vicreg_untrained s0: acc_in 0.355 ood 0.198 midctx 0.133 match 0.231
== jepa s0: acc_in 0.174 ood 0.164 midctx 0.116 match 0.269
== jepa_untrained s0: acc_in 0.355 ood 0.198 midctx 0.133 match 0.231
{
  "raw": {
    "n_seeds": 1,
    "acc_in": {
      "mean": 0.28891050583657585,
      "std": 0.0,
      "n": 1
    },
    "acc_loco": {
      "mean": 0.24509903002658348,
      "std": 0.0,
      "n": 1
    },
    "acc_ood_ctx": {
      "mean": 0.17632491332342745,
      "std": 0.0,
      "n": 1
    },
    "acc_ood_ctx_dm": {
      "mean": 0.1253095591877167,
      "std": 0.0,
      "n": 1
    },
    "acc_dense_ctx": {
      "mean": 0.21175373134328357,
      "std": 0.0,
      "n": 1
    },
    "acc_dense_ctx_dm": {
      "mean": 0.13199626865671643,
      "std": 0.0,
      "n": 1
    },
    "seg_acc_in": {
      "mean": 0.2840909090909091,
      "std": 0.0,
      "n": 1
    },
    "seg_acc_loco": {
      "mean": 0.19303536476593686,
      "std": 0.0,
      "n": 1
    },
    "seg_acc_ood_ctx": {
      "mean": 0.1907514450867052,
      "std": 0.0,
      "n": 1
    },
    "seg_acc_dense_ctx": {
      "mean": 0.19318181818181818,
      "std": 0.0,
      "n": 1
    },
    "dynseg_acc_in": {
      "mean": 0.32941176470588235,
      "std": 0.0,
      "n": 1
    },
    "dynseg_acc_loco": {
      "mean": 0.46932276828110164,
      "std": 0.0,
      "n": 1
    },
    "dynseg_acc_ood_ctx": {
      "mean": 0.5151515151515151,
      "std": 0.0,
      "n": 1
    },
    "dynseg_acc_dense_ctx": {
      "mean": 0.45930232558139533,
      "std": 0.0,
      "n": 1
    },
    "fewshot5_in": {
      "mean": 0.27715430861723445,
      "std": 0.0,
      "n": 1
    },
    "fewshot5_ood": {
      "mean": 0.2750125691302162,
      "std": 0.0,
      "n": 1
    },
    "best_action": {
      "mean": 0.39202334630350194,
      "std": 0.0,
      "n": 1
    },
    "best_action_maj": {
      "mean": 0.44163424124513617,
      "std": 0.0,
      "n": 1
    },
    "best_action_delta": {
      "mean": -0.04961089494163423,
      "std": 0.0,
      "n": 1
    },
    "boundary_auc": {
      "mean": 0.5245899194750969,
      "std": 0.0,
      "n": 1
    },
    "x_r2": {
      "mean": 0.19754040263549777,
      "std": 0.0,
      "n": 1
    },
    "nmi_pooled": {
      "mean": 0.11860778273507822,
      "std": 0.0,
      "n": 1
    },
    "nmi_worst_ctx": {
      "mean": 0.16481647619494078,
      "std": 0.0,
      "n": 1
    },
    "nmi_ood": {
      "mean": 0.28565607460821957,
      "std": 0.0,
      "n": 1
    },
    "match_train": {
      "mean": 0.14444444444444443,
      "std": 0.0,
      "n": 1
    },
    "match_ood": {
      "mean": 0.11538461538461539,
      "std": 0.0,
      "n": 1
    },
    "match_ood_null": {
      "mean": 0.24358974358974358,
      "std": 0.0,
      "n": 1
    },
    "match_ood_dm": {
      "mean": 0.12820512820512822,
      "std": 0.0,
      "n": 1
    },
    "margin_ood": {
      "mean": -0.2601535482237995,
      "std": 0.0,
      "n": 1
    },
    "margin_ood_dm": {
      "mean": -0.3838780834696693,
      "std": 0.0,
      "n": 1
    },
    "shuffle_acc": {
      "mean": 0.1867704280155642,
      "std": 0.0,
      "n": 1
    },
    "shuffle_delta": {
      "mean": 0.10214007782101164,
      "std": 0.0,
      "n": 1
    },
    "shuffle_aligned_acc": {
      "mean": 0.2766476810414972,
      "std": 0.0,
      "n": 1
    },
    "shuffle_aligned_delta": {
      "mean": 0.012262824795078675,
      "std": 0.0,
      "n": 1
    },
    "perm_acc": {
      "mean": 0.19649805447470817,
      "std": 0.0,
      "n": 1
    },
    "perm_delta": {
      "mean": 0.09241245136186768,
      "std": 0.0,
      "n": 1
    },
    "dropout_acc": {
      "mean": 0.26750972762645914,
      "std": 0.0,
      "n": 1
    },
    "midctx_acc": {
      "mean": 0.13238095238095238,
      "std": 0.0,
      "n": 1
    },
    "midctx_acc_null": {
      "mean": 0.1507936507936508,
      "std": 0.0,
      "n": 1
    },
    "decoy_rate": {
      "mean": 0.5243445692883895,
      "std": 0.0,
      "n": 1
    },
    "ood_noise": {
      "mean": 0.28110599078341014,
      "std": 0.0,
      "n": 1
    },
    "ood_gain": {
      "mean": 0.37902097902097903,
      "std": 0.0,
      "n": 1
    },
    "combo_auc": {
      "mean": 0.5669842478030355,
      "std": 0.0,
      "n": 1
    },
    "combo_oodctx_auc": {
      "mean": 0.489274278084136,
      "std": 0.0,
      "n": 1
    },
    "combo_set": {
      "mean": 0.1498371335504886,
      "std": 0.0,
      "n": 1
    },
    "base_mse": null,
    "midctx_lag_mean": {
      "mean": 0.130444228471531,
      "std": 0.0,
      "n": 1
    }
  },
  "raw_win": {
    "n_seeds": 1,
    "acc_in": {
      "mean": 0.2237354085603113,
      "std": 0.0,
      "n": 1
    },
    "acc_loco": {
      "mean": 0.22637418559316558,
      "std": 0.0,
      "n": 1
    },
    "acc_ood_ctx": {
      "mean": 0.17533432392273401,
      "std": 0.0,
      "n": 1
    },
    "acc_ood_ctx_dm": {
      "mean": 0.13868251609707777,
      "std": 0.0,
      "n": 1
    },
    "acc_dense_ctx": {
      "mean": 0.23600746268656717,
      "std": 0.0,
      "n": 1
    },
    "acc_dense_ctx_dm": {
      "mean": 0.18796641791044777,
      "std": 0.0,
      "n": 1
    },
    "seg_acc_in": {
      "mean": 0.2840909090909091,
      "std": 0.0,
      "n": 1
    },
    "seg_acc_loco": {
      "mean": 0.2316372723851622,
      "std": 0.0,
      "n": 1
    },
    "seg_acc_ood_ctx": {
      "mean": 0.24855491329479767,
      "std": 0.0,
      "n": 1
    },
    "seg_acc_dense_ctx": {
      "mean": 0.20454545454545456,
      "std": 0.0,
      "n": 1
    },
    "dynseg_acc_in": {
      "mean": 0.3411764705882353,
      "std": 0.0,
      "n": 1
    },
    "dynseg_acc_loco": {
      "mean": 0.48293226834893505,
      "std": 0.0,
      "n": 1
    },
    "dynseg_acc_ood_ctx": {
      "mean": 0.509090909090909,
      "std": 0.0,
      "n": 1
    },
    "dynseg_acc_dense_ctx": {
      "mean": 0.36046511627906974,
      "std": 0.0,
      "n": 1
    },
    "fewshot5_in": {
      "mean": 0.3166332665330661,
      "std": 0.0,
      "n": 1
    },
    "fewshot5_ood": {
      "mean": 0.310105580693816,
      "std": 0.0,
      "n": 1
    },
    "best_action": {
      "mean": 0.3005836575875486,
      "std": 0.0,
      "n": 1
    },
    "best_action_maj": {
      "mean": 0.44163424124513617,
      "std": 0.0,
      "n": 1
    },
    "best_action_delta": {
      "mean": -0.14105058365758755,
      "std": 0.0,
      "n": 1
    },
    "boundary_auc": {
      "mean": 0.5572770653146436,
      "std": 0.0,
      "n": 1
    },
    "x_r2": {
      "mean": 0.2265138686846706,
      "std": 0.0,
      "n": 1
    },
    "nmi_pooled": {
      "mean": 0.0882102436399429,
      "std": 0.0,
      "n": 1
    },
    "nmi_worst_ctx": {
      "mean": 0.19953827016301873,
      "std": 0.0,
      "n": 1
    },
    "nmi_ood": {
      "mean": 0.1666735637967831,
      "std": 0.0,
      "n": 1
    },
    "match_train": {
      "mean": 0.17777777777777778,
      "std": 0.0,
      "n": 1
    },
    "match_ood": {
      "mean": 0.23076923076923078,
      "std": 0.0,
      "n": 1
    },
    "match_ood_null": {
      "mean": 0.14102564102564102,
      "std": 0.0,
      "n": 1
    },
    "match_ood_dm": {
      "mean": 0.20512820512820512,
      "std": 0.0,
      "n": 1
    },
    "margin_ood": {
      "mean": -0.14836927681161016,
      "std": 0.0,
      "n": 1
    },
    "margin_ood_dm": {
      "mean": -0.26555560947024054,
      "std": 0.0,
      "n": 1
    },
    "shuffle_acc": {
      "mean": 0.20525291828793774,
      "std": 0.0,
      "n": 1
    },
    "shuffle_delta": {
      "mean": 0.01848249027237356,
      "std": 0.0,
      "n": 1
    },
    "shuffle_aligned_acc": {
      "mean": 0.19283970707892595,
      "std": 0.0,
      "n": 1
    },
    "shuffle_aligned_delta": {
      "mean": 0.030895701481385346,
      "std": 0.0,
      "n": 1
    },
    "perm_acc": {
      "mean": 0.17996108949416342,
      "std": 0.0,
      "n": 1
    },
    "perm_delta": {
      "mean": 0.04377431906614787,
      "std": 0.0,
      "n": 1
    },
    "dropout_acc": {
      "mean": 0.22081712062256809,
      "std": 0.0,
      "n": 1
    },
    "midctx_acc": {
      "mean": 0.10285714285714286,
      "std": 0.0,
      "n": 1
    },
    "midctx_acc_null": {
      "mean": 0.126984126984127,
      "std": 0.0,
      "n": 1
    },
    "decoy_rate": {
      "mean": 0.4044943820224719,
      "std": 0.0,
      "n": 1
    },
    "ood_noise": {
      "mean": 0.2543778801843318,
      "std": 0.0,
      "n": 1
    },
    "ood_gain": {
      "mean": 0.3258741258741259,
      "std": 0.0,
      "n": 1
    },
    "combo_auc": {
      "mean": 0.5668294398676553,
      "std": 0.0,
      "n": 1
    },
    "combo_oodctx_auc": {
      "mean": 0.48247406497731904,
      "std": 0.0,
      "n": 1
    },
    "combo_set": {
      "mean": 0.149185667752443,
      "std": 0.0,
      "n": 1
    },
    "base_mse": null,
    "midctx_lag_mean": {
      "mean": 0.11784604281782511,
      "std": 0.0,
      "n": 1
    }
  },
  "pca": {
    "n_seeds": 1,
    "acc_in": {
      "mean": 0.29863813229571984,
      "std": 0.0,
      "n": 1
    },
    "acc_loco": {
      "mean": 0.27642248947130904,
      "std": 0.0,
      "n": 1
    },
    "acc_ood_ctx": {
      "mean": 0.1827637444279346,
      "std": 0.0,
      "n": 1
    },
    "acc_ood_ctx_dm": {
      "mean": 0.133234274393264,
      "std": 0.0,
      "n": 1
    },
    "acc_dense_ctx": {
      "mean": 0.2798507462686567,
      "std": 0.0,
      "n": 1
    },
    "acc_dense_ctx_dm": {
      "mean": 0.1707089552238806,
      "std": 0.0,
      "n": 1
    },
    "seg_acc_in": {
      "mean": 0.17045454545454544,
      "std": 0.0,
      "n": 1
    },
    "seg_acc_loco": {
      "mean": 0.25669594497049836,
      "std": 0.0,
      "n": 1
    },
    "seg_acc_ood_ctx": {
      "mean": 0.19653179190751446,
      "std": 0.0,
      "n": 1
    },
    "seg_acc_dense_ctx": {
      "mean": 0.2727272727272727,
      "std": 0.0,
      "n": 1
    },
    "dynseg_acc_in": {
      "mean": 0.38823529411764707,
      "std": 0.0,
      "n": 1
    },
    "dynseg_acc_loco": {
      "mean": 0.4099808370641704,
      "std": 0.0,
      "n": 1
    },
    "dynseg_acc_ood_ctx": {
      "mean": 0.34545454545454546,
      "std": 0.0,
      "n": 1
    },
    "dynseg_acc_dense_ctx": {
      "mean": 0.5116279069767442,
      "std": 0.0,
      "n": 1
    },
    "fewshot5_in": {
      "mean": 0.2715430861723447,
      "std": 0.0,
      "n": 1
    },
    "fewshot5_ood": {
      "mean": 0.3093011563599799,
      "std": 0.0,
      "n": 1
    },
    "best_action": {
      "mean": 0.37937743190661477,
      "std": 0.0,
      "n": 1
    },
    "best_action_maj": {
      "mean": 0.44163424124513617,
      "std": 0.0,
      "n": 1
    },
    "best_action_delta": {
      "mean": -0.0622568093385214,
      "std": 0.0,
      "n": 1
    },
    "boundary_auc": {
      "mean": 0.5324038174768864,
      "std": 0.0,
      "n": 1
    },
    "x_r2": {
      "mean": 0.15030393226474836,
      "std": 0.0,
      "n": 1
    },
    "nmi_pooled": {
      "mean": 0.1638579041906586,
      "std": 0.0,
      "n": 1
    },
    "nmi_worst_ctx": {
      "mean": 0.24699008384354662,
      "std": 0.0,
      "n": 1
    },
    "nmi_ood": {
      "mean": 0.304928625676881,
      "std": 0.0,
      "n": 1
    },
    "match_train": {
      "mean": 0.3,
      "std": 0.0,
      "n": 1
    },
    "match_ood": {
      "mean": 0.2179487179487179,
      "std": 0.0,
      "n": 1
    },
    "match_ood_null": {
      "mean": 0.16666666666666666,
      "std": 0.0,
      "n": 1
    },
    "match_ood_dm": {
      "mean": 0.15384615384615383,
      "std": 0.0,
      "n": 1
    },
    "margin_ood": {
      "mean": -0.20619068688350095,
      "std": 0.0,
      "n": 1
    },
    "margin_ood_dm": {
      "mean": -0.49169340769972647,
      "std": 0.0,
      "n": 1
    },
    "shuffle_acc": {
      "mean": 0.1819066147859922,
      "std": 0.0,
      "n": 1
    },
    "shuffle_delta": {
      "mean": 0.11673151750972763,
      "std": 0.0,
      "n": 1
    },
    "shuffle_aligned_acc": {
      "mean": 0.27827502034174123,
      "std": 0.0,
      "n": 1
    },
    "shuffle_aligned_delta": {
      "mean": 0.020363111953978608,
      "std": 0.0,
      "n": 1
    },
    "perm_acc": {
      "mean": 0.2509727626459144,
      "std": 0.0,
      "n": 1
    },
    "perm_delta": {
      "mean": 0.047665369649805445,
      "std": 0.0,
      "n": 1
    },
    "dropout_acc": {
      "mean": 0.2694552529182879,
      "std": 0.0,
      "n": 1
    },
    "midctx_acc": {
      "mean": 0.06571428571428571,
      "std": 0.0,
      "n": 1
    },
    "midctx_acc_null": {
      "mean": 0.13238095238095238,
      "std": 0.0,
      "n": 1
    },
    "decoy_rate": {
      "mean": 0.599388379204893,
      "std": 0.0,
      "n": 1
    },
    "ood_noise": {
      "mean": 0.2967741935483871,
      "std": 0.0,
      "n": 1
    },
    "ood_gain": {
      "mean": 0.38135198135198134,
      "std": 0.0,
      "n": 1
    },
    "combo_auc": {
      "mean": 0.5724632357484911,
      "std": 0.0,
      "n": 1
    },
    "combo_oodctx_auc": {
      "mean": 0.4826327032062931,
      "std": 0.0,
      "n": 1
    },
    "combo_set": {
      "mean": 0.1563517915309446,
      "std": 0.0,
      "n": 1
    },
    "base_mse": null,
    "midctx_lag_mean": {
      "mean": 0.05760552634272033,
      "std": 0.0,
      "n": 1
    }
  },
  "pca_win": {
    "n_seeds": 1,
    "acc_in": {
      "mean": 0.2733463035019455,
      "std": 0.0,
      "n": 1
    },
    "acc_loco": {
      "mean": 0.24516235437318276,
      "std": 0.0,
      "n": 1
    },
    "acc_ood_ctx": {
      "mean": 0.21149083704804358,
      "std": 0.0,
      "n": 1
    },
    "acc_ood_ctx_dm": {
      "mean": 0.1981178801386825,
      "std": 0.0,
      "n": 1
    },
    "acc_dense_ctx": {
      "mean": 0.22807835820895522,
      "std": 0.0,
      "n": 1
    },
    "acc_dense_ctx_dm": {
      "mean": 0.18423507462686567,
      "std": 0.0,
      "n": 1
    },
    "seg_acc_in": {
      "mean": 0.29545454545454547,
      "std": 0.0,
      "n": 1
    },
    "seg_acc_loco": {
      "mean": 0.20200936222550656,
      "std": 0.0,
      "n": 1
    },
    "seg_acc_ood_ctx": {
      "mean": 0.2023121387283237,
      "std": 0.0,
      "n": 1
    },
    "seg_acc_dense_ctx": {
      "mean": 0.2556818181818182,
      "std": 0.0,
      "n": 1
    },
    "dynseg_acc_in": {
      "mean": 0.36470588235294116,
      "std": 0.0,
      "n": 1
    },
    "dynseg_acc_loco": {
      "mean": 0.3833210385293719,
      "std": 0.0,
      "n": 1
    },
    "dynseg_acc_ood_ctx": {
      "mean": 0.30303030303030304,
      "std": 0.0,
      "n": 1
    },
    "dynseg_acc_dense_ctx": {
      "mean": 0.4186046511627907,
      "std": 0.0,
      "n": 1
    },
    "fewshot5_in": {
      "mean": 0.30340681362725447,
      "std": 0.0,
      "n": 1
    },
    "fewshot5_ood": {
      "mean": 0.28868778280542984,
      "std": 0.0,
      "n": 1
    },
    "best_action": {
      "mean": 0.3531128404669261,
      "std": 0.0,
      "n": 1
    },
    "best_action_maj": {
      "mean": 0.44163424124513617,
      "std": 0.0,
      "n": 1
    },
    "best_action_delta": {
      "mean": -0.08852140077821008,
      "std": 0.0,
      "n": 1
    },
    "boundary_auc": {
      "mean": 0.5220548762302416,
      "std": 0.0,
      "n": 1
    },
    "x_r2": {
      "mean": 0.19897522570656145,
      "std": 0.0,
      "n": 1
    },
    "nmi_pooled": {
      "mean": 0.1146498836349397,
      "std": 0.0,
      "n": 1
    },
    "nmi_worst_ctx": {
      "mean": 0.18455236023250704,
      "std": 0.0,
      "n": 1
    },
    "nmi_ood": {
      "mean": 0.1424736365547263,
      "std": 0.0,
      "n": 1
    },
    "match_train": {
      "mean": 0.23333333333333334,
      "std": 0.0,
      "n": 1
    },
    "match_ood": {
      "mean": 0.30769230769230765,
      "std": 0.0,
      "n": 1
    },
    "match_ood_null": {
      "mean": 0.11538461538461539,
      "std": 0.0,
      "n": 1
    },
    "match_ood_dm": {
      "mean": 0.17948717948717946,
      "std": 0.0,
      "n": 1
    },
    "margin_ood": {
      "mean": -0.1385407110738454,
      "std": 0.0,
      "n": 1
    },
    "margin_ood_dm": {
      "mean": -0.3494530457360979,
      "std": 0.0,
      "n": 1
    },
    "shuffle_acc": {
      "mean": 0.21011673151750973,
      "std": 0.0,
      "n": 1
    },
    "shuffle_delta": {
      "mean": 0.06322957198443577,
      "std": 0.0,
      "n": 1
    },
    "shuffle_aligned_acc": {
      "mean": 0.18063466232709519,
      "std": 0.0,
      "n": 1
    },
    "shuffle_aligned_delta": {
      "mean": 0.09271164117485031,
      "std": 0.0,
      "n": 1
    },
    "perm_acc": {
      "mean": 0.2538910505836576,
      "std": 0.0,
      "n": 1
    },
    "perm_delta": {
      "mean": 0.019455252918287924,
      "std": 0.0,
      "n": 1
    },
    "dropout_acc": {
      "mean": 0.26361867704280156,
      "std": 0.0,
      "n": 1
    },
    "midctx_acc": {
      "mean": 0.12571428571428572,
      "std": 0.0,
      "n": 1
    },
    "midctx_acc_null": {
      "mean": 0.14095238095238094,
      "std": 0.0,
      "n": 1
    },
    "decoy_rate": {
      "mean": 0.5405405405405406,
      "std": 0.0,
      "n": 1
    },
    "ood_noise": {
      "mean": 0.2820276497695853,
      "std": 0.0,
      "n": 1
    },
    "ood_gain": {
      "mean": 0.32400932400932403,
      "std": 0.0,
      "n": 1
    },
    "combo_auc": {
      "mean": 0.564109463565887,
      "std": 0.0,
      "n": 1
    },
    "combo_oodctx_auc": {
      "mean": 0.46875877821281275,
      "std": 0.0,
      "n": 1
    },
    "combo_set": {
      "mean": 0.12247557003257328,
      "std": 0.0,
      "n": 1
    },
    "base_mse": null,
    "midctx_lag_mean": {
      "mean": 0.15570738570872034,
      "std": 0.0,
      "n": 1
    }
  },
  "dynfeat_canonical": {
    "n_seeds": 1,
    "acc_in": null,
    "acc_loco": null,
    "acc_ood_ctx": null,
    "acc_ood_ctx_dm": null,
    "acc_dense_ctx": null,
    "acc_dense_ctx_dm": null,
    "seg_acc_in": {
      "mean": 0.43529411764705883,
      "std": 0.0,
      "n": 1
    },
    "seg_acc_loco": {
      "mean": 0.49252687898521225,
      "std": 0.0,
      "n": 1
    },
    "seg_acc_ood_ctx": {
      "mean": 0.4303030303030303,
      "std": 0.0,
      "n": 1
    },
    "seg_acc_dense_ctx": {
      "mean": 0.48255813953488375,
      "std": 0.0,
      "n": 1
    },
    "dynseg_acc_in": null,
    "dynseg_acc_loco": null,
    "dynseg_acc_ood_ctx": null,
    "dynseg_acc_dense_ctx": null,
    "fewshot5_in": null,
    "fewshot5_ood": null,
    "best_action": null,
    "best_action_maj": null,
    "best_action_delta": null,
    "boundary_auc": null,
    "x_r2": null,
    "nmi_pooled": null,
    "nmi_worst_ctx": null,
    "nmi_ood": null,
    "match_train": null,
    "match_ood": null,
    "match_ood_null": null,
    "match_ood_dm": null,
    "margin_ood": null,
    "margin_ood_dm": null,
    "shuffle_acc": null,
    "shuffle_delta": null,
    "shuffle_aligned_acc": null,
    "shuffle_aligned_delta": null,
    "perm_acc": null,
    "perm_delta": null,
    "dropout_acc": null,
    "midctx_acc": null,
    "midctx_acc_null": null,
    "decoy_rate": null,
    "ood_noise": null,
    "ood_gain": null,
    "combo_auc": null,
    "combo_oodctx_auc": null,
    "combo_set": null,
    "base_mse": null,
    "midctx_lag_mean": null
  },
  "dynfeat_obs": {
    "n_seeds": 1,
    "acc_in": null,
    "acc_loco": null,
    "acc_ood_ctx": null,
    "acc_ood_ctx_dm": null,
    "acc_dense_ctx": null,
    "acc_dense_ctx_dm": null,
    "seg_acc_in": {
      "mean": 0.32941176470588235,
      "std": 0.0,
      "n": 1
    },
    "seg_acc_loco": {
      "mean": 0.46932276828110164,
      "std": 0.0,
      "n": 1
    },
    "seg_acc_ood_ctx": {
      "mean": 0.5151515151515151,
      "std": 0.0,
      "n": 1
    },
    "seg_acc_dense_ctx": {
      "mean": 0.45930232558139533,
      "std": 0.0,
      "n": 1
    },
    "dynseg_acc_in": null,
    "dynseg_acc_loco": null,
    "dynseg_acc_ood_ctx": null,
    "dynseg_acc_dense_ctx": null,
    "fewshot5_in": null,
    "fewshot5_ood": null,
    "best_action": null,
    "best_action_maj": null,
    "best_action_delta": null,
    "boundary_auc": null,
    "x_r2": null,
    "nmi_pooled": null,
    "nmi_worst_ctx": null,
    "nmi_ood": null,
    "match_train": null,
    "match_ood": null,
    "match_ood_null": null,
    "match_ood_dm": null,
    "margin_ood": null,
    "margin_ood_dm": null,
    "shuffle_acc": null,
    "shuffle_delta": null,
    "shuffle_aligned_acc": null,
    "shuffle_aligned_delta": null,
    "perm_acc": null,
    "perm_delta": null,
    "dropout_acc": null,
    "midctx_acc": null,
    "midctx_acc_null": null,
    "decoy_rate": null,
    "ood_noise": null,
    "ood_gain": null,
    "combo_auc": null,
    "combo_oodctx_auc": null,
    "combo_set": null,
    "base_mse": null,
    "midctx_lag_mean": null
  },
  "gru": {
    "n_seeds": 1,
    "acc_in": {
      "mean": 0.377431906614786,
      "std": 0.0,
      "n": 1
    },
    "acc_loco": {
      "mean": 0.35050822836424067,
      "std": 0.0,
      "n": 1
    },
    "acc_ood_ctx": {
      "mean": 0.24764735017335315,
      "std": 0.0,
      "n": 1
    },
    "acc_ood_ctx_dm": {
      "mean": 0.18424962852897475,
      "std": 0.0,
      "n": 1
    },
    "acc_dense_ctx": {
      "mean": 0.17863805970149255,
      "std": 0.0,
      "n": 1
    },
    "acc_dense_ctx_dm": {
      "mean": 0.17397388059701493,
      "std": 0.0,
      "n": 1
    },
    "seg_acc_in": {
      "mean": 0.3181818181818182,
      "std": 0.0,
      "n": 1
    },
    "seg_acc_loco": {
      "mean": 0.3068532966682327,
      "std": 0.0,
      "n": 1
    },
    "seg_acc_ood_ctx": {
      "mean": 0.3179190751445087,
      "std": 0.0,
      "n": 1
    },
    "seg_acc_dense_ctx": {
      "mean": 0.21022727272727273,
      "std": 0.0,
      "n": 1
    },
    "dynseg_acc_in": {
      "mean": 0.2235294117647059,
      "std": 0.0,
      "n": 1
    },
    "dynseg_acc_loco": {
      "mean": 0.3133415581332248,
      "std": 0.0,
      "n": 1
    },
    "dynseg_acc_ood_ctx": {
      "mean": 0.3393939393939394,
      "std": 0.0,
      "n": 1
    },
    "dynseg_acc_dense_ctx": {
      "mean": 0.31976744186046513,
      "std": 0.0,
      "n": 1
    },
    "fewshot5_in": {
      "mean": 0.3308617234468938,
      "std": 0.0,
      "n": 1
    },
    "fewshot5_ood": {
      "mean": 0.383911513323278,
      "std": 0.0,
      "n": 1
    },
    "best_action": {
      "mean": 0.45233463035019456,
      "std": 0.0,
      "n": 1
    },
    "best_action_maj": {
      "mean": 0.44163424124513617,
      "std": 0.0,
      "n": 1
    },
    "best_action_delta": {
      "mean": 0.010700389105058383,
      "std": 0.0,
      "n": 1
    },
    "boundary_auc": {
      "mean": 0.4947360572621533,
      "std": 0.0,
      "n": 1
    },
    "x_r2": {
      "mean": 0.1631761465029471,
      "std": 0.0,
      "n": 1
    },
    "nmi_pooled": {
      "mean": 0.11489440359929484,
      "std": 0.0,
      "n": 1
    },
    "nmi_worst_ctx": {
      "mean": 0.18130353199695187,
      "std": 0.0,
      "n": 1
    },
    "nmi_ood": {
      "mean": 0.27116094575927224,
      "std": 0.0,
      "n": 1
    },
    "match_train": {
      "mean": 0.22222222222222224,
      "std": 0.0,
      "n": 1
    },
    "match_ood": {
      "mean": 0.282051282051282,
      "std": 0.0,
      "n": 1
    },
    "match_ood_null": {
      "mean": 0.2051282051282051,
      "std": 0.0,
      "n": 1
    },
    "match_ood_dm": {
      "mean": 0.15384615384615385,
      "std": 0.0,
      "n": 1
    },
    "margin_ood": {
      "mean": -0.10346427020483581,
      "std": 0.0,
      "n": 1
    },
    "margin_ood_dm": {
      "mean": -0.26508685075089483,
      "std": 0.0,
      "n": 1
    },
    "shuffle_acc": {
      "mean": 0.17704280155642024,
      "std": 0.0,
      "n": 1
    },
    "shuffle_delta": {
      "mean": 0.20038910505836574,
      "std": 0.0,
      "n": 1
    },
    "shuffle_aligned_acc": {
      "mean": 0.2481692432872254,
      "std": 0.0,
      "n": 1
    },
    "shuffle_aligned_delta": {
      "mean": 0.1292626633275606,
      "std": 0.0,
      "n": 1
    },
    "perm_acc": {
      "mean": 0.21595330739299612,
      "std": 0.0,
      "n": 1
    },
    "perm_delta": {
      "mean": 0.16147859922178986,
      "std": 0.0,
      "n": 1
    },
    "dropout_acc": {
      "mean": 0.259727626459144,
      "std": 0.0,
      "n": 1
    },
    "midctx_acc": {
      "mean": 0.17714285714285713,
      "std": 0.0,
      "n": 1
    },
    "midctx_acc_null": {
      "mean": 0.1761904761904762,
      "std": 0.0,
      "n": 1
    },
    "decoy_rate": {
      "mean": 0.3857677902621723,
      "std": 0.0,
      "n": 1
    },
    "ood_noise": {
      "mean": 0.39308755760368663,
      "std": 0.0,
      "n": 1
    },
    "ood_gain": {
      "mean": 0.45734265734265733,
      "std": 0.0,
      "n": 1
    },
    "combo_auc": {
      "mean": 0.6225604309442145,
      "std": 0.0,
      "n": 1
    },
    "combo_oodctx_auc": {
      "mean": 0.4485990195464292,
      "std": 0.0,
      "n": 1
    },
    "combo_set": {
      "mean": 0.15960912052117263,
      "std": 0.0,
      "n": 1
    },
    "base_mse": {
      "mean": 0.13004404306411743,
      "std": 0.0,
      "n": 1
    },
    "midctx_lag_mean": {
      "mean": 0.17427340758542936,
      "std": 0.0,
      "n": 1
    },
    "intervention_selectivity": {
      "mean": -0.39113826319984185,
      "std": 0.0,
      "n": 1
    }
  },
  "gru_untrained": {
    "n_seeds": 1,
    "acc_in": {
      "mean": 0.3317120622568093,
      "std": 0.0,
      "n": 1
    },
    "acc_loco": {
      "mean": 0.2767847802121368,
      "std": 0.0,
      "n": 1
    },
    "acc_ood_ctx": {
      "mean": 0.24665676077265974,
      "std": 0.0,
      "n": 1
    },
    "acc_ood_ctx_dm": {
      "mean": 0.1357107478949975,
      "std": 0.0,
      "n": 1
    },
    "acc_dense_ctx": {
      "mean": 0.2621268656716418,
      "std": 0.0,
      "n": 1
    },
    "acc_dense_ctx_dm": {
      "mean": 0.18516791044776118,
      "std": 0.0,
      "n": 1
    },
    "seg_acc_in": {
      "mean": 0.2727272727272727,
      "std": 0.0,
      "n": 1
    },
    "seg_acc_loco": {
      "mean": 0.25089696035790826,
      "std": 0.0,
      "n": 1
    },
    "seg_acc_ood_ctx": {
      "mean": 0.3236994219653179,
      "std": 0.0,
      "n": 1
    },
    "seg_acc_dense_ctx": {
      "mean": 0.23295454545454544,
      "std": 0.0,
      "n": 1
    },
    "dynseg_acc_in": {
      "mean": 0.35294117647058826,
      "std": 0.0,
      "n": 1
    },
    "dynseg_acc_loco": {
      "mean": 0.3634623863790531,
      "std": 0.0,
      "n": 1
    },
    "dynseg_acc_ood_ctx": {
      "mean": 0.45454545454545453,
      "std": 0.0,
      "n": 1
    },
    "dynseg_acc_dense_ctx": {
      "mean": 0.48255813953488375,
      "std": 0.0,
      "n": 1
    },
    "fewshot5_in": {
      "mean": 0.33627254509018034,
      "std": 0.0,
      "n": 1
    },
    "fewshot5_ood": {
      "mean": 0.346807440925088,
      "std": 0.0,
      "n": 1
    },
    "best_action": {
      "mean": 0.4163424124513619,
      "std": 0.0,
      "n": 1
    },
    "best_action_maj": {
      "mean": 0.44163424124513617,
      "std": 0.0,
      "n": 1
    },
    "best_action_delta": {
      "mean": -0.025291828793774285,
      "std": 0.0,
      "n": 1
    },
    "boundary_auc": {
      "mean": 0.5163137488815985,
      "std": 0.0,
      "n": 1
    },
    "x_r2": {
      "mean": 0.2605884374533436,
      "std": 0.0,
      "n": 1
    },
    "nmi_pooled": {
      "mean": 0.13263201599449664,
      "std": 0.0,
      "n": 1
    },
    "nmi_worst_ctx": {
      "mean": 0.17237572238214063,
      "std": 0.0,
      "n": 1
    },
    "nmi_ood": {
      "mean": 0.24428129079542843,
      "std": 0.0,
      "n": 1
    },
    "match_train": {
      "mean": 0.2444444444444444,
      "std": 0.0,
      "n": 1
    },
    "match_ood": {
      "mean": 0.23076923076923073,
      "std": 0.0,
      "n": 1
    },
    "match_ood_null": {
      "mean": 0.12820512820512822,
      "std": 0.0,
      "n": 1
    },
    "match_ood_dm": {
      "mean": 0.20512820512820512,
      "std": 0.0,
      "n": 1
    },
    "margin_ood": {
      "mean": -0.13935069626623192,
      "std": 0.0,
      "n": 1
    },
    "margin_ood_dm": {
      "mean": -0.3337403898160727,
      "std": 0.0,
      "n": 1
    },
    "shuffle_acc": {
      "mean": 0.19941634241245138,
      "std": 0.0,
      "n": 1
    },
    "shuffle_delta": {
      "mean": 0.13229571984435795,
      "std": 0.0,
      "n": 1
    },
    "shuffle_aligned_acc": {
      "mean": 0.23759153783563874,
      "std": 0.0,
      "n": 1
    },
    "shuffle_aligned_delta": {
      "mean": 0.09412052442117058,
      "std": 0.0,
      "n": 1
    },
    "perm_acc": {
      "mean": 0.2237354085603113,
      "std": 0.0,
      "n": 1
    },
    "perm_delta": {
      "mean": 0.10797665369649803,
      "std": 0.0,
      "n": 1
    },
    "dropout_acc": {
      "mean": 0.24124513618677043,
      "std": 0.0,
      "n": 1
    },
    "midctx_acc": {
      "mean": 0.15619047619047619,
      "std": 0.0,
      "n": 1
    },
    "midctx_acc_null": {
      "mean": 0.15365079365079368,
      "std": 0.0,
      "n": 1
    },
    "decoy_rate": {
      "mean": 0.45918367346938777,
      "std": 0.0,
      "n": 1
    },
    "ood_noise": {
      "mean": 0.3548387096774194,
      "std": 0.0,
      "n": 1
    },
    "ood_gain": {
      "mean": 0.4261072261072261,
      "std": 0.0,
      "n": 1
    },
    "combo_auc": {
      "mean": 0.6169181224117584,
      "std": 0.0,
      "n": 1
    },
    "combo_oodctx_auc": {
      "mean": 0.48397560042176246,
      "std": 0.0,
      "n": 1
    },
    "combo_set": {
      "mean": 0.2045602605863192,
      "std": 0.0,
      "n": 1
    },
    "base_mse": {
      "mean": 0.1802109330892563,
      "std": 0.0,
      "n": 1
    },
    "midctx_lag_mean": {
      "mean": 0.16891052691958963,
      "std": 0.0,
      "n": 1
    },
    "intervention_selectivity": {
      "mean": -0.3152730265934582,
      "std": 0.0,
      "n": 1
    }
  },
  "cpc": {
    "n_seeds": 1,
    "acc_in": {
      "mean": 0.32879377431906615,
      "std": 0.0,
      "n": 1
    },
    "acc_loco": {
      "mean": 0.33096386375574355,
      "std": 0.0,
      "n": 1
    },
    "acc_ood_ctx": {
      "mean": 0.24913323427439327,
      "std": 0.0,
      "n": 1
    },
    "acc_ood_ctx_dm": {
      "mean": 0.2753838533927687,
      "std": 0.0,
      "n": 1
    },
    "acc_dense_ctx": {
      "mean": 0.1865671641791045,
      "std": 0.0,
      "n": 1
    },
    "acc_dense_ctx_dm": {
      "mean": 0.1884328358208955,
      "std": 0.0,
      "n": 1
    },
    "seg_acc_in": {
      "mean": 0.32954545454545453,
      "std": 0.0,
      "n": 1
    },
    "seg_acc_loco": {
      "mean": 0.27418520203368285,
      "std": 0.0,
      "n": 1
    },
    "seg_acc_ood_ctx": {
      "mean": 0.2947976878612717,
      "std": 0.0,
      "n": 1
    },
    "seg_acc_dense_ctx": {
      "mean": 0.21022727272727273,
      "std": 0.0,
      "n": 1
    },
    "dynseg_acc_in": {
      "mean": 0.3176470588235294,
      "std": 0.0,
      "n": 1
    },
    "dynseg_acc_loco": {
      "mean": 0.31303334011667344,
      "std": 0.0,
      "n": 1
    },
    "dynseg_acc_ood_ctx": {
      "mean": 0.3151515151515151,
      "std": 0.0,
      "n": 1
    },
    "dynseg_acc_dense_ctx": {
      "mean": 0.3488372093023256,
      "std": 0.0,
      "n": 1
    },
    "fewshot5_in": {
      "mean": 0.3897795591182365,
      "std": 0.0,
      "n": 1
    },
    "fewshot5_ood": {
      "mean": 0.41729512317747613,
      "std": 0.0,
      "n": 1
    },
    "best_action": {
      "mean": 0.43287937743190663,
      "std": 0.0,
      "n": 1
    },
    "best_action_maj": {
      "mean": 0.44163424124513617,
      "std": 0.0,
      "n": 1
    },
    "best_action_delta": {
      "mean": -0.008754863813229541,
      "std": 0.0,
      "n": 1
    },
    "boundary_auc": {
      "mean": 0.5016552341186997,
      "std": 0.0,
      "n": 1
    },
    "x_r2": {
      "mean": 0.2251112523015243,
      "std": 0.0,
      "n": 1
    },
    "nmi_pooled": {
      "mean": 0.07765554790270675,
      "std": 0.0,
      "n": 1
    },
    "nmi_worst_ctx": {
      "mean": 0.19563765525318422,
      "std": 0.0,
      "n": 1
    },
    "nmi_ood": {
      "mean": 0.21579390513251118,
      "std": 0.0,
      "n": 1
    },
    "match_train": {
      "mean": 0.25555555555555554,
      "std": 0.0,
      "n": 1
    },
    "match_ood": {
      "mean": 0.28205128205128205,
      "std": 0.0,
      "n": 1
    },
    "match_ood_null": {
      "mean": 0.19230769230769226,
      "std": 0.0,
      "n": 1
    },
    "match_ood_dm": {
      "mean": 0.34615384615384615,
      "std": 0.0,
      "n": 1
    },
    "margin_ood": {
      "mean": -0.11445851388633697,
      "std": 0.0,
      "n": 1
    },
    "margin_ood_dm": {
      "mean": -0.19349535177954827,
      "std": 0.0,
      "n": 1
    },
    "shuffle_acc": {
      "mean": 0.19552529182879377,
      "std": 0.0,
      "n": 1
    },
    "shuffle_delta": {
      "mean": 0.13326848249027237,
      "std": 0.0,
      "n": 1
    },
    "shuffle_aligned_acc": {
      "mean": 0.2709519934906428,
      "std": 0.0,
      "n": 1
    },
    "shuffle_aligned_delta": {
      "mean": 0.05784178082842334,
      "std": 0.0,
      "n": 1
    },
    "perm_acc": {
      "mean": 0.24124513618677043,
      "std": 0.0,
      "n": 1
    },
    "perm_delta": {
      "mean": 0.08754863813229571,
      "std": 0.0,
      "n": 1
    },
    "dropout_acc": {
      "mean": 0.27626459143968873,
      "std": 0.0,
      "n": 1
    },
    "midctx_acc": {
      "mean": 0.17238095238095238,
      "std": 0.0,
      "n": 1
    },
    "midctx_acc_null": {
      "mean": 0.15873015873015872,
      "std": 0.0,
      "n": 1
    },
    "decoy_rate": {
      "mean": 0.3707865168539326,
      "std": 0.0,
      "n": 1
    },
    "ood_noise": {
      "mean": 0.3695852534562212,
      "std": 0.0,
      "n": 1
    },
    "ood_gain": {
      "mean": 0.5025641025641026,
      "std": 0.0,
      "n": 1
    },
    "combo_auc": {
      "mean": 0.6302447916531662,
      "std": 0.0,
      "n": 1
    },
    "combo_oodctx_auc": {
      "mean": 0.5456722331531715,
      "std": 0.0,
      "n": 1
    },
    "combo_set": {
      "mean": 0.17133550488599347,
      "std": 0.0,
      "n": 1
    },
    "base_mse": {
      "mean": 0.15277746319770813,
      "std": 0.0,
      "n": 1
    },
    "midctx_lag_mean": {
      "mean": 0.1889201843200623,
      "std": 0.0,
      "n": 1
    },
    "intervention_selectivity": {
      "mean": -0.40280011550038775,
      "std": 0.0,
      "n": 1
    }
  },
  "cpc_untrained": {
    "n_seeds": 1,
    "acc_in": {
      "mean": 0.3784046692607004,
      "std": 0.0,
      "n": 1
    },
    "acc_loco": {
      "mean": 0.2542638434066075,
      "std": 0.0,
      "n": 1
    },
    "acc_ood_ctx": {
      "mean": 0.2838038632986627,
      "std": 0.0,
      "n": 1
    },
    "acc_ood_ctx_dm": {
      "mean": 0.14512134720158495,
      "std": 0.0,
      "n": 1
    },
    "acc_dense_ctx": {
      "mean": 0.2248134328358209,
      "std": 0.0,
      "n": 1
    },
    "acc_dense_ctx_dm": {
      "mean": 0.28171641791044777,
      "std": 0.0,
      "n": 1
    },
    "seg_acc_in": {
      "mean": 0.3522727272727273,
      "std": 0.0,
      "n": 1
    },
    "seg_acc_loco": {
      "mean": 0.2363290423902433,
      "std": 0.0,
      "n": 1
    },
    "seg_acc_ood_ctx": {
      "mean": 0.30057803468208094,
      "std": 0.0,
      "n": 1
    },
    "seg_acc_dense_ctx": {
      "mean": 0.23295454545454544,
      "std": 0.0,
      "n": 1
    },
    "dynseg_acc_in": {
      "mean": 0.35294117647058826,
      "std": 0.0,
      "n": 1
    },
    "dynseg_acc_loco": {
      "mean": 0.43179563492063494,
      "std": 0.0,
      "n": 1
    },
    "dynseg_acc_ood_ctx": {
      "mean": 0.38181818181818183,
      "std": 0.0,
      "n": 1
    },
    "dynseg_acc_dense_ctx": {
      "mean": 0.4186046511627907,
      "std": 0.0,
      "n": 1
    },
    "fewshot5_in": {
      "mean": 0.3250501002004008,
      "std": 0.0,
      "n": 1
    },
    "fewshot5_ood": {
      "mean": 0.4313725490196078,
      "std": 0.0,
      "n": 1
    },
    "best_action": {
      "mean": 0.5009727626459144,
      "std": 0.0,
      "n": 1
    },
    "best_action_maj": {
      "mean": 0.44163424124513617,
      "std": 0.0,
      "n": 1
    },
    "best_action_delta": {
      "mean": 0.05933852140077822,
      "std": 0.0,
      "n": 1
    },
    "boundary_auc": {
      "mean": 0.5624217118997912,
      "std": 0.0,
      "n": 1
    },
    "x_r2": {
      "mean": 0.19762090422000267,
      "std": 0.0,
      "n": 1
    },
    "nmi_pooled": {
      "mean": 0.04388112090172331,
      "std": 0.0,
      "n": 1
    },
    "nmi_worst_ctx": {
      "mean": 0.14250869629770238,
      "std": 0.0,
      "n": 1
    },
    "nmi_ood": {
      "mean": 0.16646005799689426,
      "std": 0.0,
      "n": 1
    },
    "match_train": {
      "mean": 0.21111111111111108,
      "std": 0.0,
      "n": 1
    },
    "match_ood": {
      "mean": 0.3333333333333333,
      "std": 0.0,
      "n": 1
    },
    "match_ood_null": {
      "mean": 0.14102564102564102,
      "std": 0.0,
      "n": 1
    },
    "match_ood_dm": {
      "mean": 0.3076923076923077,
      "std": 0.0,
      "n": 1
    },
    "margin_ood": {
      "mean": -0.03622268218236425,
      "std": 0.0,
      "n": 1
    },
    "margin_ood_dm": {
      "mean": -0.16250335221433684,
      "std": 0.0,
      "n": 1
    },
    "shuffle_acc": {
      "mean": 0.18093385214007782,
      "std": 0.0,
      "n": 1
    },
    "shuffle_delta": {
      "mean": 0.19747081712062256,
      "std": 0.0,
      "n": 1
    },
    "shuffle_aligned_acc": {
      "mean": 0.2807160292921074,
      "std": 0.0,
      "n": 1
    },
    "shuffle_aligned_delta": {
      "mean": 0.09768863996859295,
      "std": 0.0,
      "n": 1
    },
    "perm_acc": {
      "mean": 0.2694552529182879,
      "std": 0.0,
      "n": 1
    },
    "perm_delta": {
      "mean": 0.10894941634241245,
      "std": 0.0,
      "n": 1
    },
    "dropout_acc": {
      "mean": 0.2791828793774319,
      "std": 0.0,
      "n": 1
    },
    "midctx_acc": {
      "mean": 0.2523809523809524,
      "std": 0.0,
      "n": 1
    },
    "midctx_acc_null": {
      "mean": 0.21079365079365078,
      "std": 0.0,
      "n": 1
    },
    "decoy_rate": {
      "mean": 0.7336683417085427,
      "std": 0.0,
      "n": 1
    },
    "ood_noise": {
      "mean": 0.4391705069124424,
      "std": 0.0,
      "n": 1
    },
    "ood_gain": {
      "mean": 0.496037296037296,
      "std": 0.0,
      "n": 1
    },
    "combo_auc": {
      "mean": 0.6592006774461537,
      "std": 0.0,
      "n": 1
    },
    "combo_oodctx_auc": {
      "mean": 0.4575386820319068,
      "std": 0.0,
      "n": 1
    },
    "combo_set": {
      "mean": 0.20195439739413681,
      "std": 0.0,
      "n": 1
    },
    "base_mse": {
      "mean": 0.17179980874061584,
      "std": 0.0,
      "n": 1
    },
    "midctx_lag_mean": {
      "mean": 0.28587637256327036,
      "std": 0.0,
      "n": 1
    },
    "intervention_selectivity": {
      "mean": -0.2437170705180927,
      "std": 0.0,
      "n": 1
    }
  },
  "vicreg": {
    "n_seeds": 1,
    "acc_in": {
      "mean": 0.16731517509727625,
      "std": 0.0,
      "n": 1
    },
    "acc_loco": {
      "mean": 0.17834363609684376,
      "std": 0.0,
      "n": 1
    },
    "acc_ood_ctx": {
      "mean": 0.19366022783556217,
      "std": 0.0,
      "n": 1
    },
    "acc_ood_ctx_dm": {
      "mean": 0.17137196631996038,
      "std": 0.0,
      "n": 1
    },
    "acc_dense_ctx": {
      "mean": 0.20242537313432835,
      "std": 0.0,
      "n": 1
    },
    "acc_dense_ctx_dm": {
      "mean": 0.14832089552238806,
      "std": 0.0,
      "n": 1
    },
    "seg_acc_in": {
      "mean": 0.18181818181818182,
      "std": 0.0,
      "n": 1
    },
    "seg_acc_loco": {
      "mean": 0.22034632664090234,
      "std": 0.0,
      "n": 1
    },
    "seg_acc_ood_ctx": {
      "mean": 0.15606936416184972,
      "std": 0.0,
      "n": 1
    },
    "seg_acc_dense_ctx": {
      "mean": 0.19886363636363635,
      "std": 0.0,
      "n": 1
    },
    "dynseg_acc_in": {
      "mean": 0.3058823529411765,
      "std": 0.0,
      "n": 1
    },
    "dynseg_acc_loco": {
      "mean": 0.27848621286121283,
      "std": 0.0,
      "n": 1
    },
    "dynseg_acc_ood_ctx": {
      "mean": 0.296969696969697,
      "std": 0.0,
      "n": 1
    },
    "dynseg_acc_dense_ctx": {
      "mean": 0.313953488372093,
      "std": 0.0,
      "n": 1
    },
    "fewshot5_in": {
      "mean": 0.23346693386773548,
      "std": 0.0,
      "n": 1
    },
    "fewshot5_ood": {
      "mean": 0.2480643539467069,
      "std": 0.0,
      "n": 1
    },
    "best_action": {
      "mean": 0.433852140077821,
      "std": 0.0,
      "n": 1
    },
    "best_action_maj": {
      "mean": 0.44163424124513617,
      "std": 0.0,
      "n": 1
    },
    "best_action_delta": {
      "mean": -0.0077821011673151474,
      "std": 0.0,
      "n": 1
    },
    "boundary_auc": {
      "mean": 0.4686996719355801,
      "std": 0.0,
      "n": 1
    },
    "x_r2": {
      "mean": -4.722385024863006,
      "std": 0.0,
      "n": 1
    },
    "nmi_pooled": {
      "mean": 0.044865496363663604,
      "std": 0.0,
      "n": 1
    },
    "nmi_worst_ctx": {
      "mean": 0.06564068856994398,
      "std": 0.0,
      "n": 1
    },
    "nmi_ood": {
      "mean": 0.06984952539737413,
      "std": 0.0,
      "n": 1
    },
    "match_train": {
      "mean": 0.2222222222222222,
      "std": 0.0,
      "n": 1
    },
    "match_ood": {
      "mean": 0.20512820512820512,
      "std": 0.0,
      "n": 1
    },
    "match_ood_null": {
      "mean": 0.15384615384615385,
      "std": 0.0,
      "n": 1
    },
    "match_ood_dm": {
      "mean": 0.1794871794871795,
      "std": 0.0,
      "n": 1
    },
    "margin_ood": {
      "mean": -0.08877112827502562,
      "std": 0.0,
      "n": 1
    },
    "margin_ood_dm": {
      "mean": -0.2499512016010202,
      "std": 0.0,
      "n": 1
    },
    "shuffle_acc": {
      "mean": 0.16342412451361868,
      "std": 0.0,
      "n": 1
    },
    "shuffle_delta": {
      "mean": 0.0038910505836575737,
      "std": 0.0,
      "n": 1
    },
    "shuffle_aligned_acc": {
      "mean": 0.1757526444263629,
      "std": 0.0,
      "n": 1
    },
    "shuffle_aligned_delta": {
      "mean": -0.00843746932908665,
      "std": 0.0,
      "n": 1
    },
    "perm_acc": {
      "mean": 0.14396887159533073,
      "std": 0.0,
      "n": 1
    },
    "perm_delta": {
      "mean": 0.023346303501945526,
      "std": 0.0,
      "n": 1
    },
    "dropout_acc": {
      "mean": 0.14785992217898833,
      "std": 0.0,
      "n": 1
    },
    "midctx_acc": {
      "mean": 0.18857142857142858,
      "std": 0.0,
      "n": 1
    },
    "midctx_acc_null": {
      "mean": 0.17555555555555555,
      "std": 0.0,
      "n": 1
    },
    "decoy_rate": {
      "mean": 0.7677902621722846,
      "std": 0.0,
      "n": 1
    },
    "ood_noise": {
      "mean": 0.24838709677419354,
      "std": 0.0,
      "n": 1
    },
    "ood_gain": {
      "mean": 0.23916083916083916,
      "std": 0.0,
      "n": 1
    },
    "combo_auc": {
      "mean": 0.5653863964137436,
      "std": 0.0,
      "n": 1
    },
    "combo_oodctx_auc": {
      "mean": 0.46186177687614033,
      "std": 0.0,
      "n": 1
    },
    "combo_set": {
      "mean": 0.04104234527687296,
      "std": 0.0,
      "n": 1
    },
    "base_mse": {
      "mean": 0.1613759845495224,
      "std": 0.0,
      "n": 1
    },
    "midctx_lag_mean": {
      "mean": 0.19533355376041653,
      "std": 0.0,
      "n": 1
    },
    "intervention_selectivity": {
      "mean": -0.6124272465491019,
      "std": 0.0,
      "n": 1
    }
  },
  "vicreg_untrained": {
    "n_seeds": 1,
    "acc_in": {
      "mean": 0.3550583657587549,
      "std": 0.0,
      "n": 1
    },
    "acc_loco": {
      "mean": 0.26957478058317924,
      "std": 0.0,
      "n": 1
    },
    "acc_ood_ctx": {
      "mean": 0.1981178801386825,
      "std": 0.0,
      "n": 1
    },
    "acc_ood_ctx_dm": {
      "mean": 0.14759782070331848,
      "std": 0.0,
      "n": 1
    },
    "acc_dense_ctx": {
      "mean": 0.27798507462686567,
      "std": 0.0,
      "n": 1
    },
    "acc_dense_ctx_dm": {
      "mean": 0.23833955223880596,
      "std": 0.0,
      "n": 1
    },
    "seg_acc_in": {
      "mean": 0.3409090909090909,
      "std": 0.0,
      "n": 1
    },
    "seg_acc_loco": {
      "mean": 0.2583403208438651,
      "std": 0.0,
      "n": 1
    },
    "seg_acc_ood_ctx": {
      "mean": 0.24855491329479767,
      "std": 0.0,
      "n": 1
    },
    "seg_acc_dense_ctx": {
      "mean": 0.2556818181818182,
      "std": 0.0,
      "n": 1
    },
    "dynseg_acc_in": {
      "mean": 0.35294117647058826,
      "std": 0.0,
      "n": 1
    },
    "dynseg_acc_loco": {
      "mean": 0.3678440001356668,
      "std": 0.0,
      "n": 1
    },
    "dynseg_acc_ood_ctx": {
      "mean": 0.42424242424242425,
      "std": 0.0,
      "n": 1
    },
    "dynseg_acc_dense_ctx": {
      "mean": 0.48255813953488375,
      "std": 0.0,
      "n": 1
    },
    "fewshot5_in": {
      "mean": 0.3390781563126253,
      "std": 0.0,
      "n": 1
    },
    "fewshot5_ood": {
      "mean": 0.34831573655103065,
      "std": 0.0,
      "n": 1
    },
    "best_action": {
      "mean": 0.42509727626459143,
      "std": 0.0,
      "n": 1
    },
    "best_action_maj": {
      "mean": 0.44163424124513617,
      "std": 0.0,
      "n": 1
    },
    "best_action_delta": {
      "mean": -0.016536964980544744,
      "std": 0.0,
      "n": 1
    },
    "boundary_auc": {
      "mean": 0.5153146436027438,
      "std": 0.0,
      "n": 1
    },
    "x_r2": {
      "mean": 0.1900734040762957,
      "std": 0.0,
      "n": 1
    },
    "nmi_pooled": {
      "mean": 0.1186795143390865,
      "std": 0.0,
      "n": 1
    },
    "nmi_worst_ctx": {
      "mean": 0.19309542856153378,
      "std": 0.0,
      "n": 1
    },
    "nmi_ood": {
      "mean": 0.2930839937594463,
      "std": 0.0,
      "n": 1
    },
    "match_train": {
      "mean": 0.2555555555555556,
      "std": 0.0,
      "n": 1
    },
    "match_ood": {
      "mean": 0.23076923076923078,
      "std": 0.0,
      "n": 1
    },
    "match_ood_null": {
      "mean": 0.17948717948717946,
      "std": 0.0,
      "n": 1
    },
    "match_ood_dm": {
      "mean": 0.17948717948717946,
      "std": 0.0,
      "n": 1
    },
    "margin_ood": {
      "mean": -0.13709175461651493,
      "std": 0.0,
      "n": 1
    },
    "margin_ood_dm": {
      "mean": -0.334092718404199,
      "std": 0.0,
      "n": 1
    },
    "shuffle_acc": {
      "mean": 0.17898832684824903,
      "std": 0.0,
      "n": 1
    },
    "shuffle_delta": {
      "mean": 0.17607003891050585,
      "std": 0.0,
      "n": 1
    },
    "shuffle_aligned_acc": {
      "mean": 0.23433685923515052,
      "std": 0.0,
      "n": 1
    },
    "shuffle_aligned_delta": {
      "mean": 0.12072150652360436,
      "std": 0.0,
      "n": 1
    },
    "perm_acc": {
      "mean": 0.23249027237354086,
      "std": 0.0,
      "n": 1
    },
    "perm_delta": {
      "mean": 0.12256809338521402,
      "std": 0.0,
      "n": 1
    },
    "dropout_acc": {
      "mean": 0.26361867704280156,
      "std": 0.0,
      "n": 1
    },
    "midctx_acc": {
      "mean": 0.13333333333333333,
      "std": 0.0,
      "n": 1
    },
    "midctx_acc_null": {
      "mean": 0.13682539682539682,
      "std": 0.0,
      "n": 1
    },
    "decoy_rate": {
      "mean": 0.5102040816326531,
      "std": 0.0,
      "n": 1
    },
    "ood_noise": {
      "mean": 0.34147465437788016,
      "std": 0.0,
      "n": 1
    },
    "ood_gain": {
      "mean": 0.4223776223776224,
      "std": 0.0,
      "n": 1
    },
    "combo_auc": {
      "mean": 0.5968217315751514,
      "std": 0.0,
      "n": 1
    },
    "combo_oodctx_auc": {
      "mean": 0.46398097719714515,
      "std": 0.0,
      "n": 1
    },
    "combo_set": {
      "mean": 0.1257328990228013,
      "std": 0.0,
      "n": 1
    },
    "base_mse": {
      "mean": 0.17915678024291992,
      "std": 0.0,
      "n": 1
    },
    "midctx_lag_mean": {
      "mean": 0.14005537456417036,
      "std": 0.0,
      "n": 1
    },
    "intervention_selectivity": {
      "mean": -0.22984112049289931,
      "std": 0.0,
      "n": 1
    }
  },
  "jepa": {
    "n_seeds": 1,
    "acc_in": {
      "mean": 0.17412451361867703,
      "std": 0.0,
      "n": 1
    },
    "acc_loco": {
      "mean": 0.2163592610738825,
      "std": 0.0,
      "n": 1
    },
    "acc_ood_ctx": {
      "mean": 0.16394254581475978,
      "std": 0.0,
      "n": 1
    },
    "acc_ood_ctx_dm": {
      "mean": 0.18672610203070827,
      "std": 0.0,
      "n": 1
    },
    "acc_dense_ctx": {
      "mean": 0.24253731343283583,
      "std": 0.0,
      "n": 1
    },
    "acc_dense_ctx_dm": {
      "mean": 0.20382462686567165,
      "std": 0.0,
      "n": 1
    },
    "seg_acc_in": {
      "mean": 0.2159090909090909,
      "std": 0.0,
      "n": 1
    },
    "seg_acc_loco": {
      "mean": 0.2387278472547508,
      "std": 0.0,
      "n": 1
    },
    "seg_acc_ood_ctx": {
      "mean": 0.1791907514450867,
      "std": 0.0,
      "n": 1
    },
    "seg_acc_dense_ctx": {
      "mean": 0.19318181818181818,
      "std": 0.0,
      "n": 1
    },
    "dynseg_acc_in": {
      "mean": 0.2235294117647059,
      "std": 0.0,
      "n": 1
    },
    "dynseg_acc_loco": {
      "mean": 0.2725825871659205,
      "std": 0.0,
      "n": 1
    },
    "dynseg_acc_ood_ctx": {
      "mean": 0.21818181818181817,
      "std": 0.0,
      "n": 1
    },
    "dynseg_acc_dense_ctx": {
      "mean": 0.23837209302325582,
      "std": 0.0,
      "n": 1
    },
    "fewshot5_in": {
      "mean": 0.22224448897795593,
      "std": 0.0,
      "n": 1
    },
    "fewshot5_ood": {
      "mean": 0.26284565108094515,
      "std": 0.0,
      "n": 1
    },
    "best_action": {
      "mean": 0.39980544747081714,
      "std": 0.0,
      "n": 1
    },
    "best_action_maj": {
      "mean": 0.44163424124513617,
      "std": 0.0,
      "n": 1
    },
    "best_action_delta": {
      "mean": -0.04182879377431903,
      "std": 0.0,
      "n": 1
    },
    "boundary_auc": {
      "mean": 0.517491798389502,
      "std": 0.0,
      "n": 1
    },
    "x_r2": {
      "mean": -20.737882868885983,
      "std": 0.0,
      "n": 1
    },
    "nmi_pooled": {
      "mean": 0.08743351795583722,
      "std": 0.0,
      "n": 1
    },
    "nmi_worst_ctx": {
      "mean": 0.11293818941350242,
      "std": 0.0,
      "n": 1
    },
    "nmi_ood": {
      "mean": 0.08598601842078012,
      "std": 0.0,
      "n": 1
    },
    "match_train": {
      "mean": 0.2444444444444444,
      "std": 0.0,
      "n": 1
    },
    "match_ood": {
      "mean": 0.2692307692307692,
      "std": 0.0,
      "n": 1
    },
    "match_ood_null": {
      "mean": 0.2051282051282051,
      "std": 0.0,
      "n": 1
    },
    "match_ood_dm": {
      "mean": 0.23076923076923073,
      "std": 0.0,
      "n": 1
    },
    "margin_ood": {
      "mean": -0.2904147157168973,
      "std": 0.0,
      "n": 1
    },
    "margin_ood_dm": {
      "mean": -0.280796654089816,
      "std": 0.0,
      "n": 1
    },
    "shuffle_acc": {
      "mean": 0.17607003891050585,
      "std": 0.0,
      "n": 1
    },
    "shuffle_delta": {
      "mean": -0.0019455252918288146,
      "std": 0.0,
      "n": 1
    },
    "shuffle_aligned_acc": {
      "mean": 0.23026851098454026,
      "std": 0.0,
      "n": 1
    },
    "shuffle_aligned_delta": {
      "mean": -0.05614399736586323,
      "std": 0.0,
      "n": 1
    },
    "perm_acc": {
      "mean": 0.20330739299610895,
      "std": 0.0,
      "n": 1
    },
    "perm_delta": {
      "mean": -0.029182879377431914,
      "std": 0.0,
      "n": 1
    },
    "dropout_acc": {
      "mean": 0.16245136186770429,
      "std": 0.0,
      "n": 1
    },
    "midctx_acc": {
      "mean": 0.11619047619047619,
      "std": 0.0,
      "n": 1
    },
    "midctx_acc_null": {
      "mean": 0.133015873015873,
      "std": 0.0,
      "n": 1
    },
    "decoy_rate": {
      "mean": 0.9812734082397003,
      "std": 0.0,
      "n": 1
    },
    "ood_noise": {
      "mean": 0.25253456221198156,
      "std": 0.0,
      "n": 1
    },
    "ood_gain": {
      "mean": 0.28438228438228436,
      "std": 0.0,
      "n": 1
    },
    "combo_auc": {
      "mean": 0.5915715220383417,
      "std": 0.0,
      "n": 1
    },
    "combo_oodctx_auc": {
      "mean": 0.5008818886010176,
      "std": 0.0,
      "n": 1
    },
    "combo_set": {
      "mean": 0.08338762214983714,
      "std": 0.0,
      "n": 1
    },
    "base_mse": {
      "mean": 0.1600947380065918,
      "std": 0.0,
      "n": 1
    },
    "midctx_lag_mean": {
      "mean": 0.13296515655102992,
      "std": 0.0,
      "n": 1
    },
    "intervention_selectivity": {
      "mean": -0.7934496658632068,
      "std": 0.0,
      "n": 1
    }
  },
  "jepa_untrained": {
    "n_seeds": 1,
    "acc_in": {
      "mean": 0.3550583657587549,
      "std": 0.0,
      "n": 1
    },
    "acc_loco": {
      "mean": 0.26957478058317924,
      "std": 0.0,
      "n": 1
    },
    "acc_ood_ctx": {
      "mean": 0.1981178801386825,
      "std": 0.0,
      "n": 1
    },
    "acc_ood_ctx_dm": {
      "mean": 0.14759782070331848,
      "std": 0.0,
      "n": 1
    },
    "acc_dense_ctx": {
      "mean": 0.27798507462686567,
      "std": 0.0,
      "n": 1
    },
    "acc_dense_ctx_dm": {
      "mean": 0.23833955223880596,
      "std": 0.0,
      "n": 1
    },
    "seg_acc_in": {
      "mean": 0.3409090909090909,
      "std": 0.0,
      "n": 1
    },
    "seg_acc_loco": {
      "mean": 0.2583403208438651,
      "std": 0.0,
      "n": 1
    },
    "seg_acc_ood_ctx": {
      "mean": 0.24855491329479767,
      "std": 0.0,
      "n": 1
    },
    "seg_acc_dense_ctx": {
      "mean": 0.2556818181818182,
      "std": 0.0,
      "n": 1
    },
    "dynseg_acc_in": {
      "mean": 0.35294117647058826,
      "std": 0.0,
      "n": 1
    },
    "dynseg_acc_loco": {
      "mean": 0.3678440001356668,
      "std": 0.0,
      "n": 1
    },
    "dynseg_acc_ood_ctx": {
      "mean": 0.42424242424242425,
      "std": 0.0,
      "n": 1
    },
    "dynseg_acc_dense_ctx": {
      "mean": 0.48255813953488375,
      "std": 0.0,
      "n": 1
    },
    "fewshot5_in": {
      "mean": 0.3390781563126253,
      "std": 0.0,
      "n": 1
    },
    "fewshot5_ood": {
      "mean": 0.34831573655103065,
      "std": 0.0,
      "n": 1
    },
    "best_action": {
      "mean": 0.42509727626459143,
      "std": 0.0,
      "n": 1
    },
    "best_action_maj": {
      "mean": 0.44163424124513617,
      "std": 0.0,
      "n": 1
    },
    "best_action_delta": {
      "mean": -0.016536964980544744,
      "std": 0.0,
      "n": 1
    },
    "boundary_auc": {
      "mean": 0.5153146436027438,
      "std": 0.0,
      "n": 1
    },
    "x_r2": {
      "mean": 0.1900734040762957,
      "std": 0.0,
      "n": 1
    },
    "nmi_pooled": {
      "mean": 0.1186795143390865,
      "std": 0.0,
      "n": 1
    },
    "nmi_worst_ctx": {
      "mean": 0.19309542856153378,
      "std": 0.0,
      "n": 1
    },
    "nmi_ood": {
      "mean": 0.2930839937594463,
      "std": 0.0,
      "n": 1
    },
    "match_train": {
      "mean": 0.2555555555555556,
      "std": 0.0,
      "n": 1
    },
    "match_ood": {
      "mean": 0.23076923076923078,
      "std": 0.0,
      "n": 1
    },
    "match_ood_null": {
      "mean": 0.17948717948717946,
      "std": 0.0,
      "n": 1
    },
    "match_ood_dm": {
      "mean": 0.17948717948717946,
      "std": 0.0,
      "n": 1
    },
    "margin_ood": {
      "mean": -0.13709175461651493,
      "std": 0.0,
      "n": 1
    },
    "margin_ood_dm": {
      "mean": -0.334092718404199,
      "std": 0.0,
      "n": 1
    },
    "shuffle_acc": {
      "mean": 0.17898832684824903,
      "std": 0.0,
      "n": 1
    },
    "shuffle_delta": {
      "mean": 0.17607003891050585,
      "std": 0.0,
      "n": 1
    },
    "shuffle_aligned_acc": {
      "mean": 0.23433685923515052,
      "std": 0.0,
      "n": 1
    },
    "shuffle_aligned_delta": {
      "mean": 0.12072150652360436,
      "std": 0.0,
      "n": 1
    },
    "perm_acc": {
      "mean": 0.23249027237354086,
      "std": 0.0,
      "n": 1
    },
    "perm_delta": {
      "mean": 0.12256809338521402,
      "std": 0.0,
      "n": 1
    },
    "dropout_acc": {
      "mean": 0.26361867704280156,
      "std": 0.0,
      "n": 1
    },
    "midctx_acc": {
      "mean": 0.13333333333333333,
      "std": 0.0,
      "n": 1
    },
    "midctx_acc_null": {
      "mean": 0.13682539682539682,
      "std": 0.0,
      "n": 1
    },
    "decoy_rate": {
      "mean": 0.5102040816326531,
      "std": 0.0,
      "n": 1
    },
    "ood_noise": {
      "mean": 0.34147465437788016,
      "std": 0.0,
      "n": 1
    },
    "ood_gain": {
      "mean": 0.4223776223776224,
      "std": 0.0,
      "n": 1
    },
    "combo_auc": {
      "mean": 0.5968217315751514,
      "std": 0.0,
      "n": 1
    },
    "combo_oodctx_auc": {
      "mean": 0.46398097719714515,
      "std": 0.0,
      "n": 1
    },
    "combo_set": {
      "mean": 0.1257328990228013,
      "std": 0.0,
      "n": 1
    },
    "base_mse": {
      "mean": 0.17915678024291992,
      "std": 0.0,
      "n": 1
    },
    "midctx_lag_mean": {
      "mean": 0.14005537456417036,
      "std": 0.0,
      "n": 1
    },
    "intervention_selectivity": {
      "mean": -0.22984112049289931,
      "std": 0.0,
      "n": 1
    }
  }
}
