== raw s0: acc_in 0.289 ood 0.176
== raw_win s0: acc_in 0.224 ood 0.175
== pca s0: acc_in 0.299 ood 0.183
== pca_win s0: acc_in 0.273 ood 0.211
/home/eightman/mioba-venv/lib/python3.12/site-packages/torch/cuda/__init__.py:827: UserWarning: Can't initialize NVML
  warnings.warn("Can't initialize NVML")
== gru s0: acc_in 0.377 ood 0.248 midctx 0.177 match 0.282
== gru_untrained s0: acc_in 0.332 ood 0.247 midctx 0.156 match 0.231
== cpc@horizon-4 s0: acc_in 0.363 ood 0.243 midctx 0.284 match 0.295
== cpc@horizon-4_untrained s0: acc_in 0.378 ood 0.284 midctx 0.252 match 0.333
== jepa s0: acc_in 0.259 ood 0.252 midctx 0.170 match 0.179
== jepa_untrained s0: acc_in 0.344 ood 0.188 midctx 0.171 match 0.256
== raw s1: acc_in 0.251 ood 0.195
== raw_win s1: acc_in 0.217 ood 0.225
== pca s1: acc_in 0.214 ood 0.153
== pca_win s1: acc_in 0.207 ood 0.155
== gru s1: acc_in 0.359 ood 0.188 midctx 0.206 match 0.205
== gru_untrained s1: acc_in 0.302 ood 0.218 midctx 0.229 match 0.231
== cpc@horizon-4 s1: acc_in 0.343 ood 0.246 midctx 0.201 match 0.295
== cpc@horizon-4_untrained s1: acc_in 0.382 ood 0.198 midctx 0.188 match 0.295
== jepa s1: acc_in 0.337 ood 0.221 midctx 0.214 match 0.218
== jepa_untrained s1: acc_in 0.324 ood 0.285 midctx 0.223 match 0.179
== raw s2: acc_in 0.311 ood 0.249
== raw_win s2: acc_in 0.272 ood 0.215
== pca s2: acc_in 0.314 ood 0.201
== pca_win s2: acc_in 0.314 ood 0.239
== gru s2: acc_in 0.460 ood 0.275 midctx 0.303 match 0.269
== gru_untrained s2: acc_in 0.366 ood 0.294 midctx 0.177 match 0.269
== cpc@horizon-4 s2: acc_in 0.420 ood 0.381 midctx 0.259 match 0.282
== cpc@horizon-4_untrained s2: acc_in 0.519 ood 0.294 midctx 0.268 match 0.308
== jepa s2: acc_in 0.354 ood 0.209 midctx 0.275 match 0.179
== jepa_untrained s2: acc_in 0.377 ood 0.247 midctx 0.143 match 0.192
== raw s3: acc_in 0.350 ood 0.184
== raw_win s3: acc_in 0.249 ood 0.164
== pca s3: acc_in 0.362 ood 0.197
== pca_win s3: acc_in 0.251 ood 0.170
== gru s3: acc_in 0.386 ood 0.255 midctx 0.256 match 0.244
== gru_untrained s3: acc_in 0.362 ood 0.205 midctx 0.311 match 0.192
== cpc@horizon-4 s3: acc_in 0.458 ood 0.340 midctx 0.355 match 0.295
== cpc@horizon-4_untrained s3: acc_in 0.386 ood 0.236 midctx 0.212 match 0.308
== jepa s3: acc_in 0.336 ood 0.187 midctx 0.231 match 0.167
== jepa_untrained s3: acc_in 0.353 ood 0.264 midctx 0.192 match 0.179
== raw s4: acc_in 0.339 ood 0.263
== raw_win s4: acc_in 0.229 ood 0.259
== pca s4: acc_in 0.386 ood 0.242
== pca_win s4: acc_in 0.269 ood 0.202
== gru s4: acc_in 0.372 ood 0.262 midctx 0.187 match 0.295
== gru_untrained s4: acc_in 0.364 ood 0.284 midctx 0.102 match 0.218
== cpc@horizon-4 s4: acc_in 0.349 ood 0.203 midctx 0.159 match 0.256
== cpc@horizon-4_untrained s4: acc_in 0.421 ood 0.217 midctx 0.272 match 0.321
== jepa s4: acc_in 0.284 ood 0.211 midctx 0.130 match 0.192
== jepa_untrained s4: acc_in 0.334 ood 0.246 midctx 0.106 match 0.282
{
  "raw": {
    "n_seeds": 5,
    "acc_in": {
      "mean": 0.307822570966281,
      "std": 0.0356105394876039,
      "n": 5
    },
    "acc_loco": {
      "mean": 0.2265106800428359,
      "std": 0.05247824278861108,
      "n": 5
    },
    "acc_ood_ctx": {
      "mean": 0.2134518945836595,
      "std": 0.035461811991444235,
      "n": 5
    },
    "acc_ood_ctx_dm": {
      "mean": 0.16586547491609416,
      "std": 0.03031366187194131,
      "n": 5
    },
    "acc_dense_ctx": {
      "mean": 0.18894298217538988,
      "std": 0.029482494194367256,
      "n": 5
    },
    "acc_dense_ctx_dm": {
      "mean": 0.15625875820863414,
      "std": 0.02682470541510258,
      "n": 5
    },
    "seg_acc_in": {
      "mean": 0.3327693493385086,
      "std": 0.0413015643505773,
      "n": 5
    },
    "seg_acc_loco": {
      "mean": 0.23195407378578223,
      "std": 0.04646475281102526,
      "n": 5
    },
    "seg_acc_ood_ctx": {
      "mean": 0.24823063398113812,
      "std": 0.07490531589967306,
      "n": 5
    },
    "seg_acc_dense_ctx": {
      "mean": 0.19965815269837867,
      "std": 0.024289951510630233,
      "n": 5
    },
    "dynseg_acc_in": {
      "mean": 0.3830053905461418,
      "std": 0.037023433240231746,
      "n": 5
    },
    "dynseg_acc_loco": {
      "mean": 0.4437201842085772,
      "std": 0.027478481946147937,
      "n": 5
    },
    "dynseg_acc_ood_ctx": {
      "mean": 0.4801450861120384,
      "std": 0.026790065291566155,
      "n": 5
    },
    "dynseg_acc_dense_ctx": {
      "mean": 0.38849323347786097,
      "std": 0.04534336650713485,
      "n": 5
    },
    "fewshot5_in": {
      "mean": 0.27229375164423586,
      "std": 0.011206454561888074,
      "n": 5
    },
    "fewshot5_ood": {
      "mean": 0.2615336884704805,
      "std": 0.03034708016609853,
      "n": 5
    },
    "best_action": {
      "mean": 0.47086221497996295,
      "std": 0.05716392888278474,
      "n": 5
    },
    "best_action_maj": {
      "mean": 0.47254988224126215,
      "std": 0.02567119963992742,
      "n": 5
    },
    "best_action_delta": {
      "mean": -0.001687667261299175,
      "std": 0.04018304713900115,
      "n": 5
    },
    "boundary_auc": {
      "mean": 0.5060847309347916,
      "std": 0.036707625766420525,
      "n": 5
    },
    "x_r2": {
      "mean": 0.24267419404053614,
      "std": 0.11154158623087308,
      "n": 5
    },
    "nmi_pooled": {
      "mean": 0.12385442628987889,
      "std": 0.010659665912728433,
      "n": 5
    },
    "nmi_worst_ctx": {
      "mean": 0.2571451870287264,
      "std": 0.05920093155090623,
      "n": 5
    },
    "nmi_ood": {
      "mean": 0.30289692976414695,
      "std": 0.016136310371741187,
      "n": 5
    },
    "match_train": {
      "mean": 0.18666666666666665,
      "std": 0.027577052546646358,
      "n": 5
    },
    "match_ood": {
      "mean": 0.14615384615384613,
      "std": 0.02083086770419476,
      "n": 5
    },
    "match_ood_null": {
      "mean": 0.1846153846153846,
      "std": 0.04181924725717971,
      "n": 5
    },
    "match_ood_dm": {
      "mean": 0.14615384615384616,
      "std": 0.027616229780176946,
      "n": 5
    },
    "margin_ood": {
      "mean": -0.27633480781931,
      "std": 0.03421087898890648,
      "n": 5
    },
    "margin_ood_dm": {
      "mean": -0.3330381838563755,
      "std": 0.0379049587450615,
      "n": 5
    },
    "shuffle_acc": {
      "mean": 0.18776580538755527,
      "std": 0.018154700037371862,
      "n": 5
    },
    "shuffle_delta": {
      "mean": 0.12005676557872573,
      "std": 0.021511742065395672,
      "n": 5
    },
    "shuffle_aligned_acc": {
      "mean": 0.2886204586602509,
      "std": 0.0279085716194176,
      "n": 5
    },
    "shuffle_aligned_delta": {
      "mean": 0.0192021123060302,
      "std": 0.012214248895479044,
      "n": 5
    },
    "perm_acc": {
      "mean": 0.22821961255599227,
      "std": 0.03170261500399174,
      "n": 5
    },
    "perm_delta": {
      "mean": 0.07960295841028875,
      "std": 0.019781382625384886,
      "n": 5
    },
    "dropout_acc": {
      "mean": 0.2672520666235391,
      "std": 0.051914565602323694,
      "n": 5
    },
    "midctx_acc": {
      "mean": 0.1720987535621239,
      "std": 0.021789734180199076,
      "n": 5
    },
    "midctx_acc_null": {
      "mean": 0.17483115847566028,
      "std": 0.012406632902392382,
      "n": 5
    },
    "decoy_rate": {
      "mean": 0.6092876616451196,
      "std": 0.080316363978755,
      "n": 5
    },
    "ood_noise": {
      "mean": 0.31536264741171627,
      "std": 0.04149236265465721,
      "n": 5
    },
    "ood_gain": {
      "mean": 0.33911910553250457,
      "std": 0.04085677194547493,
      "n": 5
    },
    "combo_auc": {
      "mean": 0.5637597818133353,
      "std": 0.017215266150491064,
      "n": 5
    },
    "combo_oodctx_auc": {
      "mean": 0.5195870673951506,
      "std": 0.021591976189231192,
      "n": 5
    },
    "combo_set": {
      "mean": 0.12770212628739613,
      "std": 0.02437745540860482,
      "n": 5
    },
    "base_mse": null,
    "midctx_lag_mean": {
      "mean": 0.17264080932367076,
      "std": 0.021400728600464058,
      "n": 5
    }
  },
  "raw_win": {
    "n_seeds": 5,
    "acc_in": {
      "mean": 0.2382744023347275,
      "std": 0.02021693951187871,
      "n": 5
    },
    "acc_loco": {
      "mean": 0.20257503794927598,
      "std": 0.017886022818746582,
      "n": 5
    },
    "acc_ood_ctx": {
      "mean": 0.20744589923135742,
      "std": 0.034359343235072816,
      "n": 5
    },
    "acc_ood_ctx_dm": {
      "mean": 0.17234127683866968,
      "std": 0.031361467220619305,
      "n": 5
    },
    "acc_dense_ctx": {
      "mean": 0.1849053823612011,
      "std": 0.04269189396436159,
      "n": 5
    },
    "acc_dense_ctx_dm": {
      "mean": 0.16234357902384527,
      "std": 0.033879572030573235,
      "n": 5
    },
    "seg_acc_in": {
      "mean": 0.2644725869076896,
      "std": 0.05571086178306265,
      "n": 5
    },
    "seg_acc_loco": {
      "mean": 0.20838869646876365,
      "std": 0.020965943946683593,
      "n": 5
    },
    "seg_acc_ood_ctx": {
      "mean": 0.2270536931388305,
      "std": 0.053754282111290436,
      "n": 5
    },
    "seg_acc_dense_ctx": {
      "mean": 0.16866996992082348,
      "std": 0.03202869713925327,
      "n": 5
    },
    "dynseg_acc_in": {
      "mean": 0.3761370309350465,
      "std": 0.02519048574365868,
      "n": 5
    },
    "dynseg_acc_loco": {
      "mean": 0.46617659035502534,
      "std": 0.02947444918014044,
      "n": 5
    },
    "dynseg_acc_ood_ctx": {
      "mean": 0.4309200061464443,
      "std": 0.04974828772528202,
      "n": 5
    },
    "dynseg_acc_dense_ctx": {
      "mean": 0.3322705858062579,
      "std": 0.03103451822405651,
      "n": 5
    },
    "fewshot5_in": {
      "mean": 0.3122751107252504,
      "std": 0.015355993507385163,
      "n": 5
    },
    "fewshot5_ood": {
      "mean": 0.29313069134357617,
      "std": 0.020770993391163048,
      "n": 5
    },
    "best_action": {
      "mean": 0.35950306777220314,
      "std": 0.04144598624940026,
      "n": 5
    },
    "best_action_maj": {
      "mean": 0.47254988224126215,
      "std": 0.02567119963992742,
      "n": 5
    },
    "best_action_delta": {
      "mean": -0.11304681446905895,
      "std": 0.04203953576720952,
      "n": 5
    },
    "boundary_auc": {
      "mean": 0.5383400315988464,
      "std": 0.028614211940066026,
      "n": 5
    },
    "x_r2": {
      "mean": 0.23937350080249314,
      "std": 0.08731873955894869,
      "n": 5
    },
    "nmi_pooled": {
      "mean": 0.08626140351011376,
      "std": 0.013774383919898039,
      "n": 5
    },
    "nmi_worst_ctx": {
      "mean": 0.21636045013088143,
      "std": 0.012713329968343906,
      "n": 5
    },
    "nmi_ood": {
      "mean": 0.15745611645370405,
      "std": 0.022407224004775423,
      "n": 5
    },
    "match_train": {
      "mean": 0.2333333333333333,
      "std": 0.06324555320336757,
      "n": 5
    },
    "match_ood": {
      "mean": 0.20769230769230768,
      "std": 0.018842228790639844,
      "n": 5
    },
    "match_ood_null": {
      "mean": 0.1641025641025641,
      "std": 0.02205724427446826,
      "n": 5
    },
    "match_ood_dm": {
      "mean": 0.16153846153846155,
      "std": 0.029902317409463076,
      "n": 5
    },
    "margin_ood": {
      "mean": -0.14390971726281157,
      "std": 0.010518892318091201,
      "n": 5
    },
    "margin_ood_dm": {
      "mean": -0.26705737400306784,
      "std": 0.031442900898583453,
      "n": 5
    },
    "shuffle_acc": {
      "mean": 0.19568533181877393,
      "std": 0.025234911694895928,
      "n": 5
    },
    "shuffle_delta": {
      "mean": 0.042589070515953585,
      "std": 0.028451076094837154,
      "n": 5
    },
    "shuffle_aligned_acc": {
      "mean": 0.22026889686539558,
      "std": 0.02480082576481949,
      "n": 5
    },
    "shuffle_aligned_delta": {
      "mean": 0.018005505469331894,
      "std": 0.01702366952864814,
      "n": 5
    },
    "perm_acc": {
      "mean": 0.21565326784546768,
      "std": 0.03995417929424677,
      "n": 5
    },
    "perm_delta": {
      "mean": 0.022621134489259835,
      "std": 0.04326042093888021,
      "n": 5
    },
    "dropout_acc": {
      "mean": 0.20884501332347175,
      "std": 0.025830744145937737,
      "n": 5
    },
    "midctx_acc": {
      "mean": 0.17235053569324724,
      "std": 0.03839439846122895,
      "n": 5
    },
    "midctx_acc_null": {
      "mean": 0.16788384973101786,
      "std": 0.024418418738491713,
      "n": 5
    },
    "decoy_rate": {
      "mean": 0.4473119341521018,
      "std": 0.11852777655926951,
      "n": 5
    },
    "ood_noise": {
      "mean": 0.2865653026356547,
      "std": 0.03830633449653188,
      "n": 5
    },
    "ood_gain": {
      "mean": 0.304011833418416,
      "std": 0.023162684276837653,
      "n": 5
    },
    "combo_auc": {
      "mean": 0.5747989795139208,
      "std": 0.007714107507477434,
      "n": 5
    },
    "combo_oodctx_auc": {
      "mean": 0.51752780942332,
      "std": 0.02078448776013176,
      "n": 5
    },
    "combo_set": {
      "mean": 0.12643429775527298,
      "std": 0.012867762298862745,
      "n": 5
    },
    "base_mse": null,
    "midctx_lag_mean": {
      "mean": 0.1862763705501301,
      "std": 0.04271446244381786,
      "n": 5
    }
  },
  "pca": {
    "n_seeds": 5,
    "acc_in": {
      "mean": 0.3148658320547938,
      "std": 0.05958827227018118,
      "n": 5
    },
    "acc_loco": {
      "mean": 0.2642381121935268,
      "std": 0.04826399548958107,
      "n": 5
    },
    "acc_ood_ctx": {
      "mean": 0.19500579919948116,
      "std": 0.028936159822359725,
      "n": 5
    },
    "acc_ood_ctx_dm": {
      "mean": 0.15248532564850045,
      "std": 0.02483282159473301,
      "n": 5
    },
    "acc_dense_ctx": {
      "mean": 0.18793003978206563,
      "std": 0.04933786649869702,
      "n": 5
    },
    "acc_dense_ctx_dm": {
      "mean": 0.15347207947509642,
      "std": 0.0157690579460237,
      "n": 5
    },
    "seg_acc_in": {
      "mean": 0.3389331605584996,
      "std": 0.08934406778945277,
      "n": 5
    },
    "seg_acc_loco": {
      "mean": 0.26602561306559214,
      "std": 0.05833711215903636,
      "n": 5
    },
    "seg_acc_ood_ctx": {
      "mean": 0.19770321949893807,
      "std": 0.051574608023747956,
      "n": 5
    },
    "seg_acc_dense_ctx": {
      "mean": 0.2087698011839796,
      "std": 0.03543243393719873,
      "n": 5
    },
    "dynseg_acc_in": {
      "mean": 0.34921384545055706,
      "std": 0.05065410277166383,
      "n": 5
    },
    "dynseg_acc_loco": {
      "mean": 0.4126365264070605,
      "std": 0.013425571530825759,
      "n": 5
    },
    "dynseg_acc_ood_ctx": {
      "mean": 0.4119597089976527,
      "std": 0.08605239416988242,
      "n": 5
    },
    "dynseg_acc_dense_ctx": {
      "mean": 0.3510358315971245,
      "std": 0.08632978436323484,
      "n": 5
    },
    "fewshot5_in": {
      "mean": 0.28246612883286304,
      "std": 0.01472532738981313,
      "n": 5
    },
    "fewshot5_ood": {
      "mean": 0.27515891305856893,
      "std": 0.027305817241120516,
      "n": 5
    },
    "best_action": {
      "mean": 0.45503148141455263,
      "std": 0.05269782225954979,
      "n": 5
    },
    "best_action_maj": {
      "mean": 0.47254988224126215,
      "std": 0.02567119963992742,
      "n": 5
    },
    "best_action_delta": {
      "mean": -0.017518400826709433,
      "std": 0.04008694640677151,
      "n": 5
    },
    "boundary_auc": {
      "mean": 0.5036141762040753,
      "std": 0.02538156615864983,
      "n": 5
    },
    "x_r2": {
      "mean": 0.14794906925770546,
      "std": 0.16263696101223934,
      "n": 5
    },
    "nmi_pooled": {
      "mean": 0.14501833391856317,
      "std": 0.014831465466823736,
      "n": 5
    },
    "nmi_worst_ctx": {
      "mean": 0.28262713550420926,
      "std": 0.04242708028838379,
      "n": 5
    },
    "nmi_ood": {
      "mean": 0.291692798650344,
      "std": 0.007583904097755958,
      "n": 5
    },
    "match_train": {
      "mean": 0.2711111111111111,
      "std": 0.019372884193514125,
      "n": 5
    },
    "match_ood": {
      "mean": 0.2564102564102564,
      "std": 0.02564102564102564,
      "n": 5
    },
    "match_ood_null": {
      "mean": 0.15897435897435894,
      "std": 0.022353327915593187,
      "n": 5
    },
    "match_ood_dm": {
      "mean": 0.1564102564102564,
      "std": 0.022057244274468264,
      "n": 5
    },
    "margin_ood": {
      "mean": -0.199482182745302,
      "std": 0.038138169813705006,
      "n": 5
    },
    "margin_ood_dm": {
      "mean": -0.4398939805363188,
      "std": 0.03834800413922358,
      "n": 5
    },
    "shuffle_acc": {
      "mean": 0.19444662923870132,
      "std": 0.024559276633764573,
      "n": 5
    },
    "shuffle_delta": {
      "mean": 0.12041920281609249,
      "std": 0.038473687378694624,
      "n": 5
    },
    "shuffle_aligned_acc": {
      "mean": 0.2834166180935184,
      "std": 0.04151476391496251,
      "n": 5
    },
    "shuffle_aligned_delta": {
      "mean": 0.031449213961275355,
      "std": 0.01933341232692598,
      "n": 5
    },
    "perm_acc": {
      "mean": 0.2385934643406881,
      "std": 0.05785949579644213,
      "n": 5
    },
    "perm_delta": {
      "mean": 0.07627236771410571,
      "std": 0.028064719913674544,
      "n": 5
    },
    "dropout_acc": {
      "mean": 0.273487305420377,
      "std": 0.06466519849926103,
      "n": 5
    },
    "midctx_acc": {
      "mean": 0.22433013173922106,
      "std": 0.09437759230549896,
      "n": 5
    },
    "midctx_acc_null": {
      "mean": 0.20888878000120337,
      "std": 0.04970446003431489,
      "n": 5
    },
    "decoy_rate": {
      "mean": 0.7263472378085728,
      "std": 0.07071216459400188,
      "n": 5
    },
    "ood_noise": {
      "mean": 0.30401814672618077,
      "std": 0.04007455541887483,
      "n": 5
    },
    "ood_gain": {
      "mean": 0.31150558833804165,
      "std": 0.04058406233540961,
      "n": 5
    },
    "combo_auc": {
      "mean": 0.5538742663881459,
      "std": 0.010489109188894346,
      "n": 5
    },
    "combo_oodctx_auc": {
      "mean": 0.5136747567359309,
      "std": 0.044792831510754944,
      "n": 5
    },
    "combo_set": {
      "mean": 0.1362412645613503,
      "std": 0.01653401291430328,
      "n": 5
    },
    "base_mse": null,
    "midctx_lag_mean": {
      "mean": 0.22351133457362007,
      "std": 0.09375053094057967,
      "n": 5
    }
  },
  "pca_win": {
    "n_seeds": 5,
    "acc_in": {
      "mean": 0.2629634927109958,
      "std": 0.03443329875500958,
      "n": 5
    },
    "acc_loco": {
      "mean": 0.22449423541198446,
      "std": 0.028389485368227017,
      "n": 5
    },
    "acc_ood_ctx": {
      "mean": 0.19559991497336296,
      "std": 0.029963670560299874,
      "n": 5
    },
    "acc_ood_ctx_dm": {
      "mean": 0.1644770030481202,
      "std": 0.023693844632082805,
      "n": 5
    },
    "acc_dense_ctx": {
      "mean": 0.18192462421201397,
      "std": 0.027673375193065817,
      "n": 5
    },
    "acc_dense_ctx_dm": {
      "mean": 0.15231277697273707,
      "std": 0.025067771671560428,
      "n": 5
    },
    "seg_acc_in": {
      "mean": 0.2959207622632652,
      "std": 0.047706687811962925,
      "n": 5
    },
    "seg_acc_loco": {
      "mean": 0.2228981511903277,
      "std": 0.047879357506714966,
      "n": 5
    },
    "seg_acc_ood_ctx": {
      "mean": 0.20524469464505746,
      "std": 0.04947754134932477,
      "n": 5
    },
    "seg_acc_dense_ctx": {
      "mean": 0.17640795094780443,
      "std": 0.04975874188079546,
      "n": 5
    },
    "dynseg_acc_in": {
      "mean": 0.3037449108887805,
      "std": 0.044142908597598694,
      "n": 5
    },
    "dynseg_acc_loco": {
      "mean": 0.37948043911171625,
      "std": 0.011713783128974722,
      "n": 5
    },
    "dynseg_acc_ood_ctx": {
      "mean": 0.3244696925541479,
      "std": 0.04041508643145376,
      "n": 5
    },
    "dynseg_acc_dense_ctx": {
      "mean": 0.33932706421157344,
      "std": 0.04546406882105134,
      "n": 5
    },
    "fewshot5_in": {
      "mean": 0.300061785157831,
      "std": 0.01524319921252639,
      "n": 5
    },
    "fewshot5_ood": {
      "mean": 0.27683888550143887,
      "std": 0.018883960402377626,
      "n": 5
    },
    "best_action": {
      "mean": 0.4074360826425897,
      "std": 0.03796121085982464,
      "n": 5
    },
    "best_action_maj": {
      "mean": 0.47254988224126215,
      "std": 0.02567119963992742,
      "n": 5
    },
    "best_action_delta": {
      "mean": -0.0651137995986724,
      "std": 0.024414754954519148,
      "n": 5
    },
    "boundary_auc": {
      "mean": 0.47963078737846293,
      "std": 0.026743874043254914,
      "n": 5
    },
    "x_r2": {
      "mean": 0.12925592840523148,
      "std": 0.13796748814547405,
      "n": 5
    },
    "nmi_pooled": {
      "mean": 0.0968943302855345,
      "std": 0.018678943885776064,
      "n": 5
    },
    "nmi_worst_ctx": {
      "mean": 0.2037373907467332,
      "std": 0.010681954897089268,
      "n": 5
    },
    "nmi_ood": {
      "mean": 0.1365912204030218,
      "std": 0.018891410945869453,
      "n": 5
    },
    "match_train": {
      "mean": 0.21555555555555556,
      "std": 0.04532461789860252,
      "n": 5
    },
    "match_ood": {
      "mean": 0.2461538461538461,
      "std": 0.03283653455093767,
      "n": 5
    },
    "match_ood_null": {
      "mean": 0.14871794871794872,
      "std": 0.030982169163063,
      "n": 5
    },
    "match_ood_dm": {
      "mean": 0.15128205128205127,
      "std": 0.03478117940064238,
      "n": 5
    },
    "margin_ood": {
      "mean": -0.161663364399086,
      "std": 0.01905850594777543,
      "n": 5
    },
    "margin_ood_dm": {
      "mean": -0.3455520106130664,
      "std": 0.026136704340406516,
      "n": 5
    },
    "shuffle_acc": {
      "mean": 0.20844265963020195,
      "std": 0.02469321468103266,
      "n": 5
    },
    "shuffle_delta": {
      "mean": 0.0545208330807939,
      "std": 0.03114035225163621,
      "n": 5
    },
    "shuffle_aligned_acc": {
      "mean": 0.20091081441910624,
      "std": 0.01612096018234899,
      "n": 5
    },
    "shuffle_aligned_delta": {
      "mean": 0.06205267829188954,
      "std": 0.029686663961531707,
      "n": 5
    },
    "perm_acc": {
      "mean": 0.22886931243963854,
      "std": 0.026873750616073177,
      "n": 5
    },
    "perm_delta": {
      "mean": 0.034094180271357265,
      "std": 0.01764246845064173,
      "n": 5
    },
    "dropout_acc": {
      "mean": 0.23369021163244313,
      "std": 0.04221562765026254,
      "n": 5
    },
    "midctx_acc": {
      "mean": 0.21834393528730903,
      "std": 0.06062795245964705,
      "n": 5
    },
    "midctx_acc_null": {
      "mean": 0.210364963525355,
      "std": 0.04338847513370656,
      "n": 5
    },
    "decoy_rate": {
      "mean": 0.537384148650685,
      "std": 0.103326650627664,
      "n": 5
    },
    "ood_noise": {
      "mean": 0.29057035209193344,
      "std": 0.05081314776693775,
      "n": 5
    },
    "ood_gain": {
      "mean": 0.27927437407227634,
      "std": 0.03398797264101062,
      "n": 5
    },
    "combo_auc": {
      "mean": 0.5457053483236474,
      "std": 0.017735398332893,
      "n": 5
    },
    "combo_oodctx_auc": {
      "mean": 0.510546427839607,
      "std": 0.03356627798727742,
      "n": 5
    },
    "combo_set": {
      "mean": 0.09945030603100073,
      "std": 0.020021209914378717,
      "n": 5
    },
    "base_mse": null,
    "midctx_lag_mean": {
      "mean": 0.23913986944067883,
      "std": 0.05471047615260362,
      "n": 5
    }
  },
  "dynfeat_canonical": {
    "n_seeds": 5,
    "acc_in": null,
    "acc_loco": null,
    "acc_ood_ctx": null,
    "acc_ood_ctx_dm": null,
    "acc_dense_ctx": null,
    "acc_dense_ctx_dm": null,
    "seg_acc_in": {
      "mean": 0.3715995839737867,
      "std": 0.05264234738687892,
      "n": 5
    },
    "seg_acc_loco": {
      "mean": 0.4694250351758029,
      "std": 0.04200142693075254,
      "n": 5
    },
    "seg_acc_ood_ctx": {
      "mean": 0.46086389334859346,
      "std": 0.015680878231502705,
      "n": 5
    },
    "seg_acc_dense_ctx": {
      "mean": 0.43973035268502353,
      "std": 0.03992196415951369,
      "n": 5
    },
    "dynseg_acc_in": null,
    "dynseg_acc_loco": null,
    "dynseg_acc_ood_ctx": null,
    "dynseg_acc_dense_ctx": null,
    "fewshot5_in": null,
    "fewshot5_ood": null,
    "best_action": null,
    "best_action_maj": null,
    "best_action_delta": null,
    "boundary_auc": null,
    "x_r2": null,
    "nmi_pooled": null,
    "nmi_worst_ctx": null,
    "nmi_ood": null,
    "match_train": null,
    "match_ood": null,
    "match_ood_null": null,
    "match_ood_dm": null,
    "margin_ood": null,
    "margin_ood_dm": null,
    "shuffle_acc": null,
    "shuffle_delta": null,
    "shuffle_aligned_acc": null,
    "shuffle_aligned_delta": null,
    "perm_acc": null,
    "perm_delta": null,
    "dropout_acc": null,
    "midctx_acc": null,
    "midctx_acc_null": null,
    "decoy_rate": null,
    "ood_noise": null,
    "ood_gain": null,
    "combo_auc": null,
    "combo_oodctx_auc": null,
    "combo_set": null,
    "base_mse": null,
    "midctx_lag_mean": null
  },
  "dynfeat_obs": {
    "n_seeds": 5,
    "acc_in": null,
    "acc_loco": null,
    "acc_ood_ctx": null,
    "acc_ood_ctx_dm": null,
    "acc_dense_ctx": null,
    "acc_dense_ctx_dm": null,
    "seg_acc_in": {
      "mean": 0.3830053905461418,
      "std": 0.037023433240231746,
      "n": 5
    },
    "seg_acc_loco": {
      "mean": 0.4437201842085772,
      "std": 0.027478481946147937,
      "n": 5
    },
    "seg_acc_ood_ctx": {
      "mean": 0.4801450861120384,
      "std": 0.026790065291566155,
      "n": 5
    },
    "seg_acc_dense_ctx": {
      "mean": 0.38849323347786097,
      "std": 0.04534336650713485,
      "n": 5
    },
    "dynseg_acc_in": null,
    "dynseg_acc_loco": null,
    "dynseg_acc_ood_ctx": null,
    "dynseg_acc_dense_ctx": null,
    "fewshot5_in": null,
    "fewshot5_ood": null,
    "best_action": null,
    "best_action_maj": null,
    "best_action_delta": null,
    "boundary_auc": null,
    "x_r2": null,
    "nmi_pooled": null,
    "nmi_worst_ctx": null,
    "nmi_ood": null,
    "match_train": null,
    "match_ood": null,
    "match_ood_null": null,
    "match_ood_dm": null,
    "margin_ood": null,
    "margin_ood_dm": null,
    "shuffle_acc": null,
    "shuffle_delta": null,
    "shuffle_aligned_acc": null,
    "shuffle_aligned_delta": null,
    "perm_acc": null,
    "perm_delta": null,
    "dropout_acc": null,
    "midctx_acc": null,
    "midctx_acc_null": null,
    "decoy_rate": null,
    "ood_noise": null,
    "ood_gain": null,
    "combo_auc": null,
    "combo_oodctx_auc": null,
    "combo_set": null,
    "base_mse": null,
    "midctx_lag_mean": null
  },
  "gru": {
    "n_seeds": 5,
    "acc_in": {
      "mean": 0.39080254330870234,
      "std": 0.03558840590248809,
      "n": 5
    },
    "acc_loco": {
      "mean": 0.2817343781772896,
      "std": 0.041558999026844415,
      "n": 5
    },
    "acc_ood_ctx": {
      "mean": 0.24549095659888934,
      "std": 0.029927876001155,
      "n": 5
    },
    "acc_ood_ctx_dm": {
      "mean": 0.20171424330471477,
      "std": 0.03274440997188682,
      "n": 5
    },
    "acc_dense_ctx": {
      "mean": 0.18774839421998607,
      "std": 0.0192955151124803,
      "n": 5
    },
    "acc_dense_ctx_dm": {
      "mean": 0.14930328961925973,
      "std": 0.030799626111944284,
      "n": 5
    },
    "seg_acc_in": {
      "mean": 0.36840370873691286,
      "std": 0.029250687635729584,
      "n": 5
    },
    "seg_acc_loco": {
      "mean": 0.28268365702087267,
      "std": 0.020764130908975154,
      "n": 5
    },
    "seg_acc_ood_ctx": {
      "mean": 0.26378885619377723,
      "std": 0.0629864646912642,
      "n": 5
    },
    "seg_acc_dense_ctx": {
      "mean": 0.17520083352614857,
      "std": 0.02160112717384469,
      "n": 5
    },
    "dynseg_acc_in": {
      "mean": 0.2854950129011079,
      "std": 0.05967081224085931,
      "n": 5
    },
    "dynseg_acc_loco": {
      "mean": 0.33890639725088023,
      "std": 0.027765119161806556,
      "n": 5
    },
    "dynseg_acc_ood_ctx": {
      "mean": 0.35703190322529366,
      "std": 0.023930606605081107,
      "n": 5
    },
    "dynseg_acc_dense_ctx": {
      "mean": 0.3537032865964675,
      "std": 0.03728124423161662,
      "n": 5
    },
    "fewshot5_in": {
      "mean": 0.3256140623936405,
      "std": 0.014449347833555492,
      "n": 5
    },
    "fewshot5_ood": {
      "mean": 0.367470596241745,
      "std": 0.026200249786000652,
      "n": 5
    },
    "best_action": {
      "mean": 0.48608590336558066,
      "std": 0.047170821494404075,
      "n": 5
    },
    "best_action_maj": {
      "mean": 0.47254988224126215,
      "std": 0.02567119963992742,
      "n": 5
    },
    "best_action_delta": {
      "mean": 0.013536021124318598,
      "std": 0.04869422232080737,
      "n": 5
    },
    "boundary_auc": {
      "mean": 0.4967293644822103,
      "std": 0.009012865217014747,
      "n": 5
    },
    "x_r2": {
      "mean": 0.27910411581678723,
      "std": 0.09818241067863069,
      "n": 5
    },
    "nmi_pooled": {
      "mean": 0.10312934827161935,
      "std": 0.011384192125339863,
      "n": 5
    },
    "nmi_worst_ctx": {
      "mean": 0.24912806435548793,
      "std": 0.040134737681344755,
      "n": 5
    },
    "nmi_ood": {
      "mean": 0.2636345919939568,
      "std": 0.04928922329351588,
      "n": 5
    },
    "match_train": {
      "mean": 0.2533333333333333,
      "std": 0.04121608220220311,
      "n": 5
    },
    "match_ood": {
      "mean": 0.25897435897435894,
      "std": 0.031819676015361155,
      "n": 5
    },
    "match_ood_null": {
      "mean": 0.1717948717948718,
      "std": 0.023778508962809492,
      "n": 5
    },
    "match_ood_dm": {
      "mean": 0.1974358974358974,
      "std": 0.050376622318944866,
      "n": 5
    },
    "margin_ood": {
      "mean": -0.09612941717232246,
      "std": 0.006818825602355682,
      "n": 5
    },
    "margin_ood_dm": {
      "mean": -0.26731844234988483,
      "std": 0.024317171848012978,
      "n": 5
    },
    "shuffle_acc": {
      "mean": 0.17424256278428701,
      "std": 0.013810125308583214,
      "n": 5
    },
    "shuffle_delta": {
      "mean": 0.21655998052441539,
      "std": 0.04661582233934929,
      "n": 5
    },
    "shuffle_aligned_acc": {
      "mean": 0.27858910877644005,
      "std": 0.021157678942374053,
      "n": 5
    },
    "shuffle_aligned_delta": {
      "mean": 0.11221343453226233,
      "std": 0.034749155642393635,
      "n": 5
    },
    "perm_acc": {
      "mean": 0.24711853304448056,
      "std": 0.031563176108243246,
      "n": 5
    },
    "perm_delta": {
      "mean": 0.14368401026422184,
      "std": 0.049766002097681325,
      "n": 5
    },
    "dropout_acc": {
      "mean": 0.2777108502635097,
      "std": 0.026754660610289804,
      "n": 5
    },
    "midctx_acc": {
      "mean": 0.22581014705410793,
      "std": 0.04708825331134705,
      "n": 5
    },
    "midctx_acc_null": {
      "mean": 0.20507905149368438,
      "std": 0.03175165161501892,
      "n": 5
    },
    "decoy_rate": {
      "mean": 0.4836565439477682,
      "std": 0.07892152370940748,
      "n": 5
    },
    "ood_noise": {
      "mean": 0.39194182023017937,
      "std": 0.02958057159338337,
      "n": 5
    },
    "ood_gain": {
      "mean": 0.43404777830579067,
      "std": 0.02481805532330329,
      "n": 5
    },
    "combo_auc": {
      "mean": 0.6312896650084537,
      "std": 0.018929998032946437,
      "n": 5
    },
    "combo_oodctx_auc": {
      "mean": 0.5184396445855795,
      "std": 0.046774437348292626,
      "n": 5
    },
    "combo_set": {
      "mean": 0.16823143998774942,
      "std": 0.023092127983173668,
      "n": 5
    },
    "base_mse": {
      "mean": 0.11026850938796998,
      "std": 0.013513970547592897,
      "n": 5
    },
    "midctx_lag_mean": {
      "mean": 0.2378633758706798,
      "std": 0.04488673294837019,
      "n": 5
    },
    "intervention_selectivity": {
      "mean": -0.5742066352634605,
      "std": 0.09967454784839355,
      "n": 5
    }
  },
  "gru_untrained": {
    "n_seeds": 5,
    "acc_in": {
      "mean": 0.3450750307552805,
      "std": 0.02472744577251544,
      "n": 5
    },
    "acc_loco": {
      "mean": 0.2592968960539241,
      "std": 0.026599776570315856,
      "n": 5
    },
    "acc_ood_ctx": {
      "mean": 0.24941858316991264,
      "std": 0.03490421325168644,
      "n": 5
    },
    "acc_ood_ctx_dm": {
      "mean": 0.20055987201545733,
      "std": 0.04861293615292207,
      "n": 5
    },
    "acc_dense_ctx": {
      "mean": 0.22749508794959775,
      "std": 0.02766924744170458,
      "n": 5
    },
    "acc_dense_ctx_dm": {
      "mean": 0.1718032106357182,
      "std": 0.00900159381728503,
      "n": 5
    },
    "seg_acc_in": {
      "mean": 0.3294305616893761,
      "std": 0.06577303242244614,
      "n": 5
    },
    "seg_acc_loco": {
      "mean": 0.25159041078315214,
      "std": 0.042391594979385605,
      "n": 5
    },
    "seg_acc_ood_ctx": {
      "mean": 0.2696145898370235,
      "std": 0.0770624465429103,
      "n": 5
    },
    "seg_acc_dense_ctx": {
      "mean": 0.20864317800890525,
      "std": 0.03483857916192109,
      "n": 5
    },
    "dynseg_acc_in": {
      "mean": 0.36016472306337655,
      "std": 0.05176805927099817,
      "n": 5
    },
    "dynseg_acc_loco": {
      "mean": 0.38371541650252905,
      "std": 0.030103506795415163,
      "n": 5
    },
    "dynseg_acc_ood_ctx": {
      "mean": 0.4093461719838708,
      "std": 0.029351432312032532,
      "n": 5
    },
    "dynseg_acc_dense_ctx": {
      "mean": 0.3907553728625861,
      "std": 0.05404501994609202,
      "n": 5
    },
    "fewshot5_in": {
      "mean": 0.32536514397215854,
      "std": 0.01279151871691804,
      "n": 5
    },
    "fewshot5_ood": {
      "mean": 0.31713185677950734,
      "std": 0.025583313632966505,
      "n": 5
    },
    "best_action": {
      "mean": 0.4533668183893661,
      "std": 0.02578217766222524,
      "n": 5
    },
    "best_action_maj": {
      "mean": 0.47254988224126215,
      "std": 0.02567119963992742,
      "n": 5
    },
    "best_action_delta": {
      "mean": -0.019183063851896064,
      "std": 0.032115791958055896,
      "n": 5
    },
    "boundary_auc": {
      "mean": 0.5131425061269284,
      "std": 0.014986455732849392,
      "n": 5
    },
    "x_r2": {
      "mean": 0.2106453159608753,
      "std": 0.13817241366993022,
      "n": 5
    },
    "nmi_pooled": {
      "mean": 0.12489917032339866,
      "std": 0.02267131982523084,
      "n": 5
    },
    "nmi_worst_ctx": {
      "mean": 0.254335372473975,
      "std": 0.052699658775556296,
      "n": 5
    },
    "nmi_ood": {
      "mean": 0.24637105058657785,
      "std": 0.051993141296365245,
      "n": 5
    },
    "match_train": {
      "mean": 0.22222222222222218,
      "std": 0.03142696805273545,
      "n": 5
    },
    "match_ood": {
      "mean": 0.22820512820512814,
      "std": 0.024859896704699135,
      "n": 5
    },
    "match_ood_null": {
      "mean": 0.16666666666666666,
      "std": 0.042905642386362845,
      "n": 5
    },
    "match_ood_dm": {
      "mean": 0.18205128205128207,
      "std": 0.02350038817926071,
      "n": 5
    },
    "margin_ood": {
      "mean": -0.10637043313626995,
      "std": 0.023144964029803722,
      "n": 5
    },
    "margin_ood_dm": {
      "mean": -0.30536715544841625,
      "std": 0.03276102840142882,
      "n": 5
    },
    "shuffle_acc": {
      "mean": 0.19026125098121993,
      "std": 0.03533632072154979,
      "n": 5
    },
    "shuffle_delta": {
      "mean": 0.1548137797740606,
      "std": 0.02485540949796767,
      "n": 5
    },
    "shuffle_aligned_acc": {
      "mean": 0.27305353796927156,
      "std": 0.03452035866204316,
      "n": 5
    },
    "shuffle_aligned_delta": {
      "mean": 0.07202149278600897,
      "std": 0.018719042197601555,
      "n": 5
    },
    "perm_acc": {
      "mean": 0.23978247105620537,
      "std": 0.023632277049060686,
      "n": 5
    },
    "perm_delta": {
      "mean": 0.10529255969907517,
      "std": 0.03804467484571832,
      "n": 5
    },
    "dropout_acc": {
      "mean": 0.26497028143468626,
      "std": 0.025859121285579934,
      "n": 5
    },
    "midctx_acc": {
      "mean": 0.19516888017450684,
      "std": 0.0709775847551162,
      "n": 5
    },
    "midctx_acc_null": {
      "mean": 0.17353686250494366,
      "std": 0.04085545665885378,
      "n": 5
    },
    "decoy_rate": {
      "mean": 0.5198682113621678,
      "std": 0.07217525021450641,
      "n": 5
    },
    "ood_noise": {
      "mean": 0.38061924679978143,
      "std": 0.022893944769385464,
      "n": 5
    },
    "ood_gain": {
      "mean": 0.40257756070423645,
      "std": 0.02018127247550235,
      "n": 5
    },
    "combo_auc": {
      "mean": 0.6184120565821891,
      "std": 0.014210385186043097,
      "n": 5
    },
    "combo_oodctx_auc": {
      "mean": 0.49755864436081776,
      "std": 0.02416260233066713,
      "n": 5
    },
    "combo_set": {
      "mean": 0.15140082605166927,
      "std": 0.026848181139537637,
      "n": 5
    },
    "base_mse": {
      "mean": 0.1625273793935776,
      "std": 0.015706377665437653,
      "n": 5
    },
    "midctx_lag_mean": {
      "mean": 0.20985153063958467,
      "std": 0.07354877526785038,
      "n": 5
    },
    "intervention_selectivity": {
      "mean": -0.26046274477016373,
      "std": 0.052026415048353855,
      "n": 5
    }
  },
  "cpc@horizon-4": {
    "n_seeds": 5,
    "acc_in": {
      "mean": 0.3863864685744815,
      "std": 0.04509497575660436,
      "n": 5
    },
    "acc_loco": {
      "mean": 0.3157802265828925,
      "std": 0.03394341519180415,
      "n": 5
    },
    "acc_ood_ctx": {
      "mean": 0.2825220515133143,
      "std": 0.06666019160298171,
      "n": 5
    },
    "acc_ood_ctx_dm": {
      "mean": 0.2434639457158953,
      "std": 0.06003162241065544,
      "n": 5
    },
    "acc_dense_ctx": {
      "mean": 0.2074153531252027,
      "std": 0.032551358072465654,
      "n": 5
    },
    "acc_dense_ctx_dm": {
      "mean": 0.19619822806317477,
      "std": 0.030662045190093478,
      "n": 5
    },
    "seg_acc_in": {
      "mean": 0.388028873274902,
      "std": 0.06350536839871189,
      "n": 5
    },
    "seg_acc_loco": {
      "mean": 0.303075235054035,
      "std": 0.023687714549997928,
      "n": 5
    },
    "seg_acc_ood_ctx": {
      "mean": 0.27840043010133697,
      "std": 0.09254632827117362,
      "n": 5
    },
    "seg_acc_dense_ctx": {
      "mean": 0.218690074436086,
      "std": 0.04535728179006892,
      "n": 5
    },
    "dynseg_acc_in": {
      "mean": 0.3851425564749449,
      "std": 0.030878999097156884,
      "n": 5
    },
    "dynseg_acc_loco": {
      "mean": 0.35185937324558536,
      "std": 0.020685787238929415,
      "n": 5
    },
    "dynseg_acc_ood_ctx": {
      "mean": 0.3346400709313806,
      "std": 0.046193735263120726,
      "n": 5
    },
    "dynseg_acc_dense_ctx": {
      "mean": 0.30131039660641556,
      "std": 0.043234865751355434,
      "n": 5
    },
    "fewshot5_in": {
      "mean": 0.37676919633408473,
      "std": 0.02309809398031907,
      "n": 5
    },
    "fewshot5_ood": {
      "mean": 0.4290897858444813,
      "std": 0.032574172791086875,
      "n": 5
    },
    "best_action": {
      "mean": 0.49833374785267726,
      "std": 0.040057980995690176,
      "n": 5
    },
    "best_action_maj": {
      "mean": 0.47254988224126215,
      "std": 0.02567119963992742,
      "n": 5
    },
    "best_action_delta": {
      "mean": 0.025783865611415168,
      "std": 0.045265861280474426,
      "n": 5
    },
    "boundary_auc": {
      "mean": 0.4988182617396821,
      "std": 0.020731848303103397,
      "n": 5
    },
    "x_r2": {
      "mean": 0.13082189631186472,
      "std": 0.2338722552307694,
      "n": 5
    },
    "nmi_pooled": {
      "mean": 0.11737182246241229,
      "std": 0.003749291218135695,
      "n": 5
    },
    "nmi_worst_ctx": {
      "mean": 0.2670898969802858,
      "std": 0.05160859853667367,
      "n": 5
    },
    "nmi_ood": {
      "mean": 0.27963943398639524,
      "std": 0.038794129190461615,
      "n": 5
    },
    "match_train": {
      "mean": 0.31777777777777777,
      "std": 0.018053418676968823,
      "n": 5
    },
    "match_ood": {
      "mean": 0.2846153846153846,
      "std": 0.014951158704731536,
      "n": 5
    },
    "match_ood_null": {
      "mean": 0.16666666666666666,
      "std": 0.0421325044234743,
      "n": 5
    },
    "match_ood_dm": {
      "mean": 0.2692307692307692,
      "std": 0.05558841894533027,
      "n": 5
    },
    "margin_ood": {
      "mean": -0.10491319497278498,
      "std": 0.02149292506382761,
      "n": 5
    },
    "margin_ood_dm": {
      "mean": -0.24099514296504493,
      "std": 0.05752065393755163,
      "n": 5
    },
    "shuffle_acc": {
      "mean": 0.19208568490469438,
      "std": 0.02653843715663932,
      "n": 5
    },
    "shuffle_delta": {
      "mean": 0.19430078366978712,
      "std": 0.036710989819953355,
      "n": 5
    },
    "shuffle_aligned_acc": {
      "mean": 0.31106368285866476,
      "std": 0.03420058917101371,
      "n": 5
    },
    "shuffle_aligned_delta": {
      "mean": 0.07532278571581673,
      "std": 0.018097787229111262,
      "n": 5
    },
    "perm_acc": {
      "mean": 0.2605004349909637,
      "std": 0.01882548107864169,
      "n": 5
    },
    "perm_delta": {
      "mean": 0.12588603358351777,
      "std": 0.040102676322157596,
      "n": 5
    },
    "dropout_acc": {
      "mean": 0.2930607782757889,
      "std": 0.014974064447008315,
      "n": 5
    },
    "midctx_acc": {
      "mean": 0.2514393514686108,
      "std": 0.067626353441442,
      "n": 5
    },
    "midctx_acc_null": {
      "mean": 0.21983293473792412,
      "std": 0.049187853189590174,
      "n": 5
    },
    "decoy_rate": {
      "mean": 0.4397319743745632,
      "std": 0.08119195921967859,
      "n": 5
    },
    "ood_noise": {
      "mean": 0.4149721956166837,
      "std": 0.02724851830512101,
      "n": 5
    },
    "ood_gain": {
      "mean": 0.471693289846303,
      "std": 0.03171788228574329,
      "n": 5
    },
    "combo_auc": {
      "mean": 0.6543100762268578,
      "std": 0.003954104632751331,
      "n": 5
    },
    "combo_oodctx_auc": {
      "mean": 0.523012127303436,
      "std": 0.05164878897141897,
      "n": 5
    },
    "combo_set": {
      "mean": 0.17051785963069088,
      "std": 0.013062109918556972,
      "n": 5
    },
    "base_mse": {
      "mean": 0.13407473862171174,
      "std": 0.014899991279585406,
      "n": 5
    },
    "midctx_lag_mean": {
      "mean": 0.2712270278641006,
      "std": 0.06670260925765864,
      "n": 5
    },
    "intervention_selectivity": {
      "mean": -0.5494361601051294,
      "std": 0.08369736051287933,
      "n": 5
    }
  },
  "cpc@horizon-4_untrained": {
    "n_seeds": 5,
    "acc_in": {
      "mean": 0.4173539999949881,
      "std": 0.05317898733201052,
      "n": 5
    },
    "acc_loco": {
      "mean": 0.27211580402975233,
      "std": 0.03760919172260425,
      "n": 5
    },
    "acc_ood_ctx": {
      "mean": 0.2457227364385925,
      "std": 0.037489319500449446,
      "n": 5
    },
    "acc_ood_ctx_dm": {
      "mean": 0.18818701377111652,
      "std": 0.03778715553978301,
      "n": 5
    },
    "acc_dense_ctx": {
      "mean": 0.2240929491971378,
      "std": 0.06999683089327162,
      "n": 5
    },
    "acc_dense_ctx_dm": {
      "mean": 0.18977609278812974,
      "std": 0.06494758953750675,
      "n": 5
    },
    "seg_acc_in": {
      "mean": 0.39563172309200983,
      "std": 0.038025877899536584,
      "n": 5
    },
    "seg_acc_loco": {
      "mean": 0.2857317421613044,
      "std": 0.054743717458215324,
      "n": 5
    },
    "seg_acc_ood_ctx": {
      "mean": 0.3398776951660444,
      "std": 0.06219570274581148,
      "n": 5
    },
    "seg_acc_dense_ctx": {
      "mean": 0.2251805173844096,
      "std": 0.022300630191648085,
      "n": 5
    },
    "dynseg_acc_in": {
      "mean": 0.3201435996085181,
      "std": 0.03628400691281129,
      "n": 5
    },
    "dynseg_acc_loco": {
      "mean": 0.3739274120201902,
      "std": 0.043261462428854376,
      "n": 5
    },
    "dynseg_acc_ood_ctx": {
      "mean": 0.3785643901861772,
      "std": 0.01739576293934311,
      "n": 5
    },
    "dynseg_acc_dense_ctx": {
      "mean": 0.38717210053118606,
      "std": 0.029240351429913602,
      "n": 5
    },
    "fewshot5_in": {
      "mean": 0.329698899325722,
      "std": 0.013969179393783915,
      "n": 5
    },
    "fewshot5_ood": {
      "mean": 0.4156274119094866,
      "std": 0.03339367018455164,
      "n": 5
    },
    "best_action": {
      "mean": 0.5137351528360455,
      "std": 0.03709971862256606,
      "n": 5
    },
    "best_action_maj": {
      "mean": 0.47254988224126215,
      "std": 0.02567119963992742,
      "n": 5
    },
    "best_action_delta": {
      "mean": 0.041185270594783496,
      "std": 0.039529989915200174,
      "n": 5
    },
    "boundary_auc": {
      "mean": 0.525373154231127,
      "std": 0.02721704478633658,
      "n": 5
    },
    "x_r2": {
      "mean": 0.11546401334854073,
      "std": 0.2980827722744306,
      "n": 5
    },
    "nmi_pooled": {
      "mean": 0.04967403773303373,
      "std": 0.011171660953694098,
      "n": 5
    },
    "nmi_worst_ctx": {
      "mean": 0.17479364955221133,
      "std": 0.033960388149666516,
      "n": 5
    },
    "nmi_ood": {
      "mean": 0.1175117693257786,
      "std": 0.02835815027422736,
      "n": 5
    },
    "match_train": {
      "mean": 0.2844444444444444,
      "std": 0.04898979485566356,
      "n": 5
    },
    "match_ood": {
      "mean": 0.3128205128205128,
      "std": 0.013074409009212282,
      "n": 5
    },
    "match_ood_null": {
      "mean": 0.16666666666666669,
      "std": 0.029235267310234295,
      "n": 5
    },
    "match_ood_dm": {
      "mean": 0.2615384615384615,
      "std": 0.046296077141712286,
      "n": 5
    },
    "margin_ood": {
      "mean": -0.026570884394450284,
      "std": 0.012336849509130133,
      "n": 5
    },
    "margin_ood_dm": {
      "mean": -0.21236659803987132,
      "std": 0.03445331492049866,
      "n": 5
    },
    "shuffle_acc": {
      "mean": 0.19413348279016943,
      "std": 0.015100665489918091,
      "n": 5
    },
    "shuffle_delta": {
      "mean": 0.22322051720481867,
      "std": 0.0468689165837036,
      "n": 5
    },
    "shuffle_aligned_acc": {
      "mean": 0.3145769651340215,
      "std": 0.028021378785604362,
      "n": 5
    },
    "shuffle_aligned_delta": {
      "mean": 0.10277703486096659,
      "std": 0.040031210269760455,
      "n": 5
    },
    "perm_acc": {
      "mean": 0.28057067493492094,
      "std": 0.009758604996348553,
      "n": 5
    },
    "perm_delta": {
      "mean": 0.13678332506006718,
      "std": 0.05474655040857198,
      "n": 5
    },
    "dropout_acc": {
      "mean": 0.31854732116889234,
      "std": 0.03704193874822233,
      "n": 5
    },
    "midctx_acc": {
      "mean": 0.23836903611913093,
      "std": 0.03305885182544291,
      "n": 5
    },
    "midctx_acc_null": {
      "mean": 0.21180096842173973,
      "std": 0.026614942885474602,
      "n": 5
    },
    "decoy_rate": {
      "mean": 0.5838079087137766,
      "std": 0.08253395850083417,
      "n": 5
    },
    "ood_noise": {
      "mean": 0.45623940872839774,
      "std": 0.03286558914199613,
      "n": 5
    },
    "ood_gain": {
      "mean": 0.501574167274985,
      "std": 0.02198283672625316,
      "n": 5
    },
    "combo_auc": {
      "mean": 0.6623328617616069,
      "std": 0.018046316278616182,
      "n": 5
    },
    "combo_oodctx_auc": {
      "mean": 0.5080519039338013,
      "std": 0.05163145384791601,
      "n": 5
    },
    "combo_set": {
      "mean": 0.1885962512840719,
      "std": 0.02626572871641538,
      "n": 5
    },
    "base_mse": {
      "mean": 0.1555588960647583,
      "std": 0.015462116266589766,
      "n": 5
    },
    "midctx_lag_mean": {
      "mean": 0.25497850500993796,
      "std": 0.0396434301357134,
      "n": 5
    },
    "intervention_selectivity": {
      "mean": -0.2618914362646328,
      "std": 0.04615764305542224,
      "n": 5
    }
  },
  "jepa": {
    "n_seeds": 5,
    "acc_in": {
      "mean": 0.313830330132103,
      "std": 0.03623634805096114,
      "n": 5
    },
    "acc_loco": {
      "mean": 0.2374440362801528,
      "std": 0.022679156483016515,
      "n": 5
    },
    "acc_ood_ctx": {
      "mean": 0.21591898147184613,
      "std": 0.02129372008761981,
      "n": 5
    },
    "acc_ood_ctx_dm": {
      "mean": 0.17864310144894582,
      "std": 0.02200306353953594,
      "n": 5
    },
    "acc_dense_ctx": {
      "mean": 0.18991962526983658,
      "std": 0.038685295733993916,
      "n": 5
    },
    "acc_dense_ctx_dm": {
      "mean": 0.16447221900118847,
      "std": 0.039316547173354165,
      "n": 5
    },
    "seg_acc_in": {
      "mean": 0.31241753511028986,
      "std": 0.04104725947636587,
      "n": 5
    },
    "seg_acc_loco": {
      "mean": 0.22941986559480942,
      "std": 0.013188539164529129,
      "n": 5
    },
    "seg_acc_ood_ctx": {
      "mean": 0.21673043006410672,
      "std": 0.03444701998981368,
      "n": 5
    },
    "seg_acc_dense_ctx": {
      "mean": 0.17397509297456532,
      "std": 0.01730566358126413,
      "n": 5
    },
    "dynseg_acc_in": {
      "mean": 0.28486985374653695,
      "std": 0.025665876920643167,
      "n": 5
    },
    "dynseg_acc_loco": {
      "mean": 0.34287907951459046,
      "std": 0.03800520766847654,
      "n": 5
    },
    "dynseg_acc_ood_ctx": {
      "mean": 0.28576237104388874,
      "std": 0.047713341316093574,
      "n": 5
    },
    "dynseg_acc_dense_ctx": {
      "mean": 0.250347842408544,
      "std": 0.03770682305685981,
      "n": 5
    },
    "fewshot5_in": {
      "mean": 0.3307477140476099,
      "std": 0.02030509694374019,
      "n": 5
    },
    "fewshot5_ood": {
      "mean": 0.31972128465289895,
      "std": 0.013775915124772256,
      "n": 5
    },
    "best_action": {
      "mean": 0.46273191705140765,
      "std": 0.06126423073731774,
      "n": 5
    },
    "best_action_maj": {
      "mean": 0.47254988224126215,
      "std": 0.02567119963992742,
      "n": 5
    },
    "best_action_delta": {
      "mean": -0.009817965189854427,
      "std": 0.059404149475259245,
      "n": 5
    },
    "boundary_auc": {
      "mean": 0.5016285446532832,
      "std": 0.020211532770968096,
      "n": 5
    },
    "x_r2": {
      "mean": 0.1644145928901581,
      "std": 0.13477709799948867,
      "n": 5
    },
    "nmi_pooled": {
      "mean": 0.05600484302337831,
      "std": 0.013721496587684854,
      "n": 5
    },
    "nmi_worst_ctx": {
      "mean": 0.15522774216563096,
      "std": 0.021182640584719414,
      "n": 5
    },
    "nmi_ood": {
      "mean": 0.09498271670895983,
      "std": 0.023139994675821587,
      "n": 5
    },
    "match_train": {
      "mean": 0.1733333333333333,
      "std": 0.03030707043774633,
      "n": 5
    },
    "match_ood": {
      "mean": 0.18717948717948715,
      "std": 0.017390589700321188,
      "n": 5
    },
    "match_ood_null": {
      "mean": 0.16153846153846155,
      "std": 0.0349696966589381,
      "n": 5
    },
    "match_ood_dm": {
      "mean": 0.16666666666666666,
      "std": 0.021452821193181423,
      "n": 5
    },
    "margin_ood": {
      "mean": -0.1355554803566871,
      "std": 0.05618633553526979,
      "n": 5
    },
    "margin_ood_dm": {
      "mean": -0.6981491489382414,
      "std": 0.04650279766253194,
      "n": 5
    },
    "shuffle_acc": {
      "mean": 0.18738484210420525,
      "std": 0.01483988424492114,
      "n": 5
    },
    "shuffle_delta": {
      "mean": 0.12644548802789773,
      "std": 0.031234243459650028,
      "n": 5
    },
    "shuffle_aligned_acc": {
      "mean": 0.2594948180766702,
      "std": 0.021143871485362897,
      "n": 5
    },
    "shuffle_aligned_delta": {
      "mean": 0.054335512055432814,
      "std": 0.01842334314571311,
      "n": 5
    },
    "perm_acc": {
      "mean": 0.24239683402781212,
      "std": 0.02359891293680255,
      "n": 5
    },
    "perm_delta": {
      "mean": 0.07143349610429091,
      "std": 0.02875624296691671,
      "n": 5
    },
    "dropout_acc": {
      "mean": 0.25948048777786037,
      "std": 0.020439189199046477,
      "n": 5
    },
    "midctx_acc": {
      "mean": 0.2042409445828564,
      "std": 0.049942416215775706,
      "n": 5
    },
    "midctx_acc_null": {
      "mean": 0.1934744821431085,
      "std": 0.041498219559600154,
      "n": 5
    },
    "decoy_rate": {
      "mean": 0.4986977228290549,
      "std": 0.05471654022517665,
      "n": 5
    },
    "ood_noise": {
      "mean": 0.3275921123971599,
      "std": 0.026727851367747316,
      "n": 5
    },
    "ood_gain": {
      "mean": 0.3336571576807878,
      "std": 0.0338854001980152,
      "n": 5
    },
    "combo_auc": {
      "mean": 0.5856454751924944,
      "std": 0.010232943430346442,
      "n": 5
    },
    "combo_oodctx_auc": {
      "mean": 0.5343336028998426,
      "std": 0.035972756399983014,
      "n": 5
    },
    "combo_set": {
      "mean": 0.1439384164653223,
      "std": 0.020586553842944853,
      "n": 5
    },
    "base_mse": {
      "mean": 0.14286887645721436,
      "std": 0.016220009381979393,
      "n": 5
    },
    "midctx_lag_mean": {
      "mean": 0.21303508882980254,
      "std": 0.05672259310184914,
      "n": 5
    },
    "intervention_selectivity": {
      "mean": -0.5285488182600485,
      "std": 0.08523765171574636,
      "n": 5
    }
  },
  "jepa_untrained": {
    "n_seeds": 5,
    "acc_in": {
      "mean": 0.346523709423307,
      "std": 0.017947219140503817,
      "n": 5
    },
    "acc_loco": {
      "mean": 0.2550468775508984,
      "std": 0.03678690662423198,
      "n": 5
    },
    "acc_ood_ctx": {
      "mean": 0.24605830557089634,
      "std": 0.03230105957510512,
      "n": 5
    },
    "acc_ood_ctx_dm": {
      "mean": 0.19831455940856713,
      "std": 0.028258203973651707,
      "n": 5
    },
    "acc_dense_ctx": {
      "mean": 0.22735793898961645,
      "std": 0.0379587952653038,
      "n": 5
    },
    "acc_dense_ctx_dm": {
      "mean": 0.2016502373549509,
      "std": 0.037239167046943765,
      "n": 5
    },
    "seg_acc_in": {
      "mean": 0.3319849288427359,
      "std": 0.054283837885778015,
      "n": 5
    },
    "seg_acc_loco": {
      "mean": 0.24351930234649596,
      "std": 0.03922031256154368,
      "n": 5
    },
    "seg_acc_ood_ctx": {
      "mean": 0.2629083752789188,
      "std": 0.052261530345014774,
      "n": 5
    },
    "seg_acc_dense_ctx": {
      "mean": 0.21662114346017755,
      "std": 0.05368772560416565,
      "n": 5
    },
    "dynseg_acc_in": {
      "mean": 0.3271834012904176,
      "std": 0.018855374416440564,
      "n": 5
    },
    "dynseg_acc_loco": {
      "mean": 0.41635132364562005,
      "std": 0.060793886781370945,
      "n": 5
    },
    "dynseg_acc_ood_ctx": {
      "mean": 0.4092807512085358,
      "std": 0.02202511774882178,
      "n": 5
    },
    "dynseg_acc_dense_ctx": {
      "mean": 0.38392180490643246,
      "std": 0.04079212784383872,
      "n": 5
    },
    "fewshot5_in": {
      "mean": 0.32570460138603324,
      "std": 0.006929150099674333,
      "n": 5
    },
    "fewshot5_ood": {
      "mean": 0.30906575052522106,
      "std": 0.01839731653406442,
      "n": 5
    },
    "best_action": {
      "mean": 0.44851975941459743,
      "std": 0.03907780010105261,
      "n": 5
    },
    "best_action_maj": {
      "mean": 0.47254988224126215,
      "std": 0.02567119963992742,
      "n": 5
    },
    "best_action_delta": {
      "mean": -0.024030122826664713,
      "std": 0.04124632722197059,
      "n": 5
    },
    "boundary_auc": {
      "mean": 0.49987318683877185,
      "std": 0.025258666287491807,
      "n": 5
    },
    "x_r2": {
      "mean": 0.2465858639356715,
      "std": 0.08194476112280072,
      "n": 5
    },
    "nmi_pooled": {
      "mean": 0.12382763218218973,
      "std": 0.029829513106553004,
      "n": 5
    },
    "nmi_worst_ctx": {
      "mean": 0.24048598935201185,
      "std": 0.043910226246773584,
      "n": 5
    },
    "nmi_ood": {
      "mean": 0.23959525809562524,
      "std": 0.04561746535422302,
      "n": 5
    },
    "match_train": {
      "mean": 0.23777777777777773,
      "std": 0.05286834334831253,
      "n": 5
    },
    "match_ood": {
      "mean": 0.21794871794871792,
      "std": 0.04290564238636285,
      "n": 5
    },
    "match_ood_null": {
      "mean": 0.14871794871794872,
      "std": 0.015384615384615375,
      "n": 5
    },
    "match_ood_dm": {
      "mean": 0.18205128205128202,
      "std": 0.017008332258232825,
      "n": 5
    },
    "margin_ood": {
      "mean": -0.062010913187643436,
      "std": 0.018842120788745864,
      "n": 5
    },
    "margin_ood_dm": {
      "mean": -0.3572151723693945,
      "std": 0.02044242276467692,
      "n": 5
    },
    "shuffle_acc": {
      "mean": 0.19584929435895856,
      "std": 0.017997373071698956,
      "n": 5
    },
    "shuffle_delta": {
      "mean": 0.15067441506434848,
      "std": 0.018725851848994498,
      "n": 5
    },
    "shuffle_aligned_acc": {
      "mean": 0.29357415720965463,
      "std": 0.026266841568354314,
      "n": 5
    },
    "shuffle_aligned_delta": {
      "mean": 0.052949552213652426,
      "std": 0.020673690397977746,
      "n": 5
    },
    "perm_acc": {
      "mean": 0.24250331688295232,
      "std": 0.013738473153058709,
      "n": 5
    },
    "perm_delta": {
      "mean": 0.10402039254035474,
      "std": 0.027887304752175553,
      "n": 5
    },
    "dropout_acc": {
      "mean": 0.26192824759698674,
      "std": 0.02285544596932023,
      "n": 5
    },
    "midctx_acc": {
      "mean": 0.16695513532074066,
      "std": 0.04036870863523733,
      "n": 5
    },
    "midctx_acc_null": {
      "mean": 0.16798344335422627,
      "std": 0.026858754195843403,
      "n": 5
    },
    "decoy_rate": {
      "mean": 0.48312595821448623,
      "std": 0.06119029361364121,
      "n": 5
    },
    "ood_noise": {
      "mean": 0.3546019890030633,
      "std": 0.024197493826749517,
      "n": 5
    },
    "ood_gain": {
      "mean": 0.3902433739630275,
      "std": 0.009889574552827251,
      "n": 5
    },
    "combo_auc": {
      "mean": 0.6107720436711229,
      "std": 0.01312281785461772,
      "n": 5
    },
    "combo_oodctx_auc": {
      "mean": 0.5254635189633314,
      "std": 0.03359203998268749,
      "n": 5
    },
    "combo_set": {
      "mean": 0.13148610940408384,
      "std": 0.021599519163517114,
      "n": 5
    },
    "base_mse": {
      "mean": 0.1546002894639969,
      "std": 0.015700866929894097,
      "n": 5
    },
    "midctx_lag_mean": {
      "mean": 0.18588905676688072,
      "std": 0.04136214642027326,
      "n": 5
    },
    "intervention_selectivity": {
      "mean": -0.25819593625452886,
      "std": 0.049363459806226626,
      "n": 5
    }
  }
}
